[2026-09-17T16:37:12Z INFO  picoview] [     0.0ms] process start
[2026-09-17T16:37:12Z INFO  picoview] [    34.5ms] window created (hidden until first frame)
[2026-09-17T16:37:12Z INFO  pocket3d::gpu] adapter: "AMD Radeon(TM) Graphics" (IntegratedGpu, requested LowPower)
[2026-09-17T16:37:12Z INFO  picoview::gpu] PicoView GPU: Vulkan / AMD Radeon(TM) Graphics / Bgra8Unorm
[2026-09-17T16:37:12Z INFO  picoview] [   667.1ms] surface created+configured 960x640 (AdapterInfo { name: "AMD Radeon(TM) Graphics", vendor: 4098, device: 5688, device_type: IntegratedGpu, driver: "AMD proprietary driver", driver_info: "25.8.1 (AMD proprietary shader compiler)", backend: Vulkan }, present Fifo, latency 1)
[2026-09-17T16:37:12Z INFO  picoview] [   667.4ms] window scale_factor = 1 (hello dpi)
[2026-09-17T16:37:12Z INFO  picoview] [   667.6ms] Resized 960x640
[2026-09-17T16:37:12Z INFO  picoview] current item: generation=1 handle=Some(14) path=C:\Users\fred1\source\PicoView\.worktrees\ui-chrome-1\experiments\real-viewer-closeout-1\smoke-media\B.jpg
[2026-09-17T16:37:12Z INFO  picoview] browse session: dir=C:\Users\fred1\source\PicoView\.worktrees\ui-chrome-1\experiments\real-viewer-closeout-1\smoke-media count=4 index=Some(1)
[2026-09-17T16:37:12Z INFO  picoview] [   746.4ms] runtime booted (pak fed, guest mounted, source eval'd, current item opened)
[2026-09-17T16:37:13Z INFO  picoview] [   768.8ms] render submit (tick 1)
[2026-09-17T16:37:13Z INFO  picoview] [   769.2ms] frame ready from worker (tick 1)
[2026-09-17T16:37:13Z INFO  picoview] [   769.3ms] present begin (frame tick 1)
[2026-09-17T16:37:13Z INFO  picoview] [   769.5ms] first-present recovery: reconfigure swapchain
[2026-09-17T16:37:13Z INFO  picoview] [   785.9ms] swapchain present submitted
[2026-09-17T16:37:13Z INFO  picoview] [   786.2ms] present end (frame tick 1, submitted true)
[2026-09-17T16:37:13Z INFO  picoview] [   810.5ms] window shown after first presented frame
[2026-09-17T16:37:13Z INFO  picoview] [   810.9ms] Resized 960x640
[2026-09-17T16:37:13Z INFO  picoview] [   811.2ms] RedrawRequested
[2026-09-17T16:37:13Z INFO  picoview] [   811.4ms] present begin (frame tick 1)
[2026-09-17T16:37:13Z INFO  picoview] [   812.1ms] swapchain present submitted
[2026-09-17T16:37:13Z INFO  picoview] [   812.3ms] present end (frame tick 1, submitted true)
[2026-09-17T16:37:15Z INFO  picoview] [  3480.3ms] RedrawRequested
[2026-09-17T16:37:15Z INFO  picoview] [  3480.8ms] present begin (frame tick 1)
[2026-09-17T16:37:15Z INFO  picoview] [  3481.8ms] swapchain present submitted
[2026-09-17T16:37:15Z INFO  picoview] [  3482.3ms] present end (frame tick 1, submitted true)
