NORMTRACE,run=10,thread=main,event=E00_MAIN_ENTRY,us=79
NORMTRACE,run=10,thread=main,event=E10_EVENT_LOOP_BEGIN,us=176
NORMTRACE,run=10,thread=main,event=E11_EVENT_LOOP_READY,us=9412
NORMTRACE,run=10,thread=main,event=E20_WINDOW_CREATE_BEGIN,us=9445
NORMTRACE,run=10,thread=main,event=E21_WINDOW_CREATE_END,us=11658
NORMTRACE,run=10,thread=main,event=E30_GPU_INSTANCE_BEGIN,us=11688
NORMTRACE,run=10,thread=main,event=E31_GPU_INSTANCE_END,us=45158
NORMTRACE,run=10,thread=main,event=E40_SURFACE_CREATE_BEGIN,us=45193
NORMTRACE,run=10,thread=main,event=E41_SURFACE_CREATE_END,us=45247
NORMTRACE,run=10,thread=main,event=E50_ADAPTER_BEGIN,us=45277
NORMTRACE,run=10,thread=main,event=E51_ADAPTER_END,us=61902
NORMTRACE,run=10,thread=main,event=E60_DEVICE_BEGIN,us=61934
NORMTRACE,run=10,thread=main,event=E61_DEVICE_END,us=64891
NORMTRACE,run=10,thread=main,event=E70_SURFACE_CAPS_BEGIN,us=64913
NORMTRACE,run=10,thread=main,event=E71_SURFACE_CAPS_END,us=66320
NORMTRACE,run=10,thread=main,event=E72_SURFACE_CONFIG_BEGIN,us=66344
NORMTRACE,run=10,thread=main,event=E73_SURFACE_CONFIG_END,us=68254
NORMTRACE,run=10,thread=main,event=E130_REQUEST_REDRAW,us=68294
BENCHMARK_CONFIG {"adapter":"AMD Radeon RX 580 2048SP (RADV POLARIS10)","adapter_backend":"Vulkan","alpha_mode":"Auto","arm":"B-winit-normalized-wgpu","backend":"Vulkan","clock":"process-local Instant; origin E00_MAIN_ENTRY","desired_maximum_frame_latency":1,"device_type":"DiscreteGpu","force_fallback_adapter":false,"force_scale":1.0,"logical_viewport":[720,480],"memory_hints":"MemoryUsage","power_preference":"LowPower","present_mode":"Fifo","surface_format":"Bgra8Unorm","target_id":"linux-app"}
NORMTRACE,run=10,thread=main,event=E131_REDRAW_CALLBACK,us=68336
NORMTRACE,run=10,thread=main,event=E140_GET_TEXTURE_BEGIN,us=68354
NORMTRACE,run=10,thread=main,event=E141_GET_TEXTURE_END,us=68387
NORMTRACE,run=10,thread=main,event=E160_PRESENT_ENCODE_BEGIN,us=68409
NORMTRACE,run=10,thread=main,event=E161_PRESENT_ENCODE_END,us=69149
NORMTRACE,run=10,thread=main,event=E162_PRESENT_QUEUE_SUBMIT,us=69671
NORMTRACE,run=10,thread=main,event=E170_PRE_PRESENT_NOTIFY,us=69705
NORMTRACE,run=10,thread=main,event=E180_PRESENT_BEGIN,us=69722
NORMTRACE,run=10,thread=main,event=E181_PRESENT_RETURN,us=69776
NORMTRACE,run=10,thread=main,event=E190_FIRST_USABLE_PRESENT_SUBMITTED,us=69795
WALL_EXIT_RC=0
