NORMTRACE,run=11,thread=main,event=E00_MAIN_ENTRY,us=46
NORMTRACE,run=11,thread=main,event=E10_EVENT_LOOP_BEGIN,us=97
NORMTRACE,run=11,thread=main,event=E11_EVENT_LOOP_READY,us=8855
NORMTRACE,run=11,thread=main,event=E20_WINDOW_CREATE_BEGIN,us=8889
NORMTRACE,run=11,thread=main,event=E21_WINDOW_CREATE_END,us=12277
NORMTRACE,run=11,thread=main,event=E30_GPU_INSTANCE_BEGIN,us=12322
NORMTRACE,run=11,thread=main,event=E31_GPU_INSTANCE_END,us=55954
NORMTRACE,run=11,thread=main,event=E40_SURFACE_CREATE_BEGIN,us=55991
NORMTRACE,run=11,thread=main,event=E41_SURFACE_CREATE_END,us=56045
NORMTRACE,run=11,thread=main,event=E50_ADAPTER_BEGIN,us=56063
NORMTRACE,run=11,thread=main,event=E51_ADAPTER_END,us=72843
NORMTRACE,run=11,thread=main,event=E60_DEVICE_BEGIN,us=72875
NORMTRACE,run=11,thread=main,event=E61_DEVICE_END,us=75815
NORMTRACE,run=11,thread=main,event=E70_SURFACE_CAPS_BEGIN,us=75837
NORMTRACE,run=11,thread=main,event=E71_SURFACE_CAPS_END,us=77334
NORMTRACE,run=11,thread=main,event=E72_SURFACE_CONFIG_BEGIN,us=77358
NORMTRACE,run=11,thread=main,event=E73_SURFACE_CONFIG_END,us=79278
NORMTRACE,run=11,thread=main,event=E130_REQUEST_REDRAW,us=79302
BENCHMARK_CONFIG {"adapter":"AMD Radeon RX 580 2048SP (RADV POLARIS10)","adapter_backend":"Vulkan","alpha_mode":"Auto","arm":"B-winit-normalized-wgpu","backend":"Vulkan","clock":"process-local Instant; origin E00_MAIN_ENTRY","desired_maximum_frame_latency":1,"device_type":"DiscreteGpu","force_fallback_adapter":false,"force_scale":1.0,"logical_viewport":[720,480],"memory_hints":"MemoryUsage","power_preference":"LowPower","present_mode":"Fifo","surface_format":"Bgra8Unorm","target_id":"linux-app"}
NORMTRACE,run=11,thread=main,event=E131_REDRAW_CALLBACK,us=79346
NORMTRACE,run=11,thread=main,event=E140_GET_TEXTURE_BEGIN,us=79363
NORMTRACE,run=11,thread=main,event=E141_GET_TEXTURE_END,us=79409
NORMTRACE,run=11,thread=main,event=E160_PRESENT_ENCODE_BEGIN,us=79433
NORMTRACE,run=11,thread=main,event=E161_PRESENT_ENCODE_END,us=80130
NORMTRACE,run=11,thread=main,event=E162_PRESENT_QUEUE_SUBMIT,us=80648
NORMTRACE,run=11,thread=main,event=E170_PRE_PRESENT_NOTIFY,us=80679
NORMTRACE,run=11,thread=main,event=E180_PRESENT_BEGIN,us=80696
NORMTRACE,run=11,thread=main,event=E181_PRESENT_RETURN,us=80749
NORMTRACE,run=11,thread=main,event=E190_FIRST_USABLE_PRESENT_SUBMITTED,us=80769
WALL_EXIT_RC=0
