NORMTRACE,run=0,thread=main,event=E00_MAIN_ENTRY,us=45
NORMTRACE,run=0,thread=main,event=E10_EVENT_LOOP_BEGIN,us=100
NORMTRACE,run=0,thread=main,event=E11_EVENT_LOOP_READY,us=7081
NORMTRACE,run=0,thread=main,event=E20_WINDOW_CREATE_BEGIN,us=7111
NORMTRACE,run=0,thread=main,event=E21_WINDOW_CREATE_END,us=9241
NORMTRACE,run=0,thread=main,event=E30_GPU_INSTANCE_BEGIN,us=9265
NORMTRACE,run=0,thread=main,event=E31_GPU_INSTANCE_END,us=40631
NORMTRACE,run=0,thread=main,event=E40_SURFACE_CREATE_BEGIN,us=40663
NORMTRACE,run=0,thread=main,event=E41_SURFACE_CREATE_END,us=40717
NORMTRACE,run=0,thread=main,event=E50_ADAPTER_BEGIN,us=40734
NORMTRACE,run=0,thread=main,event=E51_ADAPTER_END,us=57132
NORMTRACE,run=0,thread=main,event=E60_DEVICE_BEGIN,us=57164
NORMTRACE,run=0,thread=main,event=E61_DEVICE_END,us=60103
NORMTRACE,run=0,thread=main,event=E70_SURFACE_CAPS_BEGIN,us=60127
NORMTRACE,run=0,thread=main,event=E71_SURFACE_CAPS_END,us=61506
NORMTRACE,run=0,thread=main,event=E72_SURFACE_CONFIG_BEGIN,us=61530
NORMTRACE,run=0,thread=main,event=E73_SURFACE_CONFIG_END,us=63405
NORMTRACE,run=0,thread=main,event=E130_REQUEST_REDRAW,us=63430
BENCHMARK_CONFIG {"adapter":"AMD Radeon RX 580 2048SP (RADV POLARIS10)","adapter_backend":"Vulkan","alpha_mode":"Auto","arm":"B-winit-normalized-wgpu","backend":"Vulkan","clock":"process-local Instant; origin E00_MAIN_ENTRY","desired_maximum_frame_latency":1,"device_type":"DiscreteGpu","force_fallback_adapter":false,"force_scale":1.0,"logical_viewport":[720,480],"memory_hints":"MemoryUsage","power_preference":"LowPower","present_mode":"Fifo","surface_format":"Bgra8Unorm","target_id":"linux-app"}
NORMTRACE,run=0,thread=main,event=E131_REDRAW_CALLBACK,us=63474
NORMTRACE,run=0,thread=main,event=E140_GET_TEXTURE_BEGIN,us=63491
NORMTRACE,run=0,thread=main,event=E141_GET_TEXTURE_END,us=63532
NORMTRACE,run=0,thread=main,event=E160_PRESENT_ENCODE_BEGIN,us=63554
NORMTRACE,run=0,thread=main,event=E161_PRESENT_ENCODE_END,us=64281
NORMTRACE,run=0,thread=main,event=E162_PRESENT_QUEUE_SUBMIT,us=64782
NORMTRACE,run=0,thread=main,event=E170_PRE_PRESENT_NOTIFY,us=64814
NORMTRACE,run=0,thread=main,event=E180_PRESENT_BEGIN,us=64831
NORMTRACE,run=0,thread=main,event=E181_PRESENT_RETURN,us=64896
NORMTRACE,run=0,thread=main,event=E190_FIRST_USABLE_PRESENT_SUBMITTED,us=64916
WALL_EXIT_RC=0
