NORMTRACE,run=12,thread=main,event=E00_MAIN_ENTRY,us=50
NORMTRACE,run=12,thread=main,event=E10_EVENT_LOOP_BEGIN,us=104
NORMTRACE,run=12,thread=main,event=E11_EVENT_LOOP_READY,us=8716
NORMTRACE,run=12,thread=main,event=E20_WINDOW_CREATE_BEGIN,us=8751
NORMTRACE,run=12,thread=main,event=E21_WINDOW_CREATE_END,us=11166
NORMTRACE,run=12,thread=main,event=E30_GPU_INSTANCE_BEGIN,us=11196
NORMTRACE,run=12,thread=main,event=E31_GPU_INSTANCE_END,us=45348
NORMTRACE,run=12,thread=main,event=E40_SURFACE_CREATE_BEGIN,us=45382
NORMTRACE,run=12,thread=main,event=E41_SURFACE_CREATE_END,us=45438
NORMTRACE,run=12,thread=main,event=E50_ADAPTER_BEGIN,us=45456
NORMTRACE,run=12,thread=main,event=E51_ADAPTER_END,us=62342
NORMTRACE,run=12,thread=main,event=E60_DEVICE_BEGIN,us=62375
NORMTRACE,run=12,thread=main,event=E61_DEVICE_END,us=65223
NORMTRACE,run=12,thread=main,event=E70_SURFACE_CAPS_BEGIN,us=65246
NORMTRACE,run=12,thread=main,event=E71_SURFACE_CAPS_END,us=66691
NORMTRACE,run=12,thread=main,event=E72_SURFACE_CONFIG_BEGIN,us=66715
NORMTRACE,run=12,thread=main,event=E73_SURFACE_CONFIG_END,us=68656
NORMTRACE,run=12,thread=main,event=E130_REQUEST_REDRAW,us=68681
BENCHMARK_CONFIG {"adapter":"AMD Radeon RX 580 2048SP (RADV POLARIS10)","adapter_backend":"Vulkan","alpha_mode":"Auto","arm":"B-winit-normalized-wgpu","backend":"Vulkan","clock":"process-local Instant; origin E00_MAIN_ENTRY","desired_maximum_frame_latency":1,"device_type":"DiscreteGpu","force_fallback_adapter":false,"force_scale":1.0,"logical_viewport":[720,480],"memory_hints":"MemoryUsage","power_preference":"LowPower","present_mode":"Fifo","surface_format":"Bgra8Unorm","target_id":"linux-app"}
NORMTRACE,run=12,thread=main,event=E131_REDRAW_CALLBACK,us=68724
NORMTRACE,run=12,thread=main,event=E140_GET_TEXTURE_BEGIN,us=68741
NORMTRACE,run=12,thread=main,event=E141_GET_TEXTURE_END,us=68781
NORMTRACE,run=12,thread=main,event=E160_PRESENT_ENCODE_BEGIN,us=68805
NORMTRACE,run=12,thread=main,event=E161_PRESENT_ENCODE_END,us=69511
NORMTRACE,run=12,thread=main,event=E162_PRESENT_QUEUE_SUBMIT,us=70018
NORMTRACE,run=12,thread=main,event=E170_PRE_PRESENT_NOTIFY,us=70051
NORMTRACE,run=12,thread=main,event=E180_PRESENT_BEGIN,us=70069
NORMTRACE,run=12,thread=main,event=E181_PRESENT_RETURN,us=70124
NORMTRACE,run=12,thread=main,event=E190_FIRST_USABLE_PRESENT_SUBMITTED,us=70144
WALL_EXIT_RC=0
