NORMTRACE,run=0,thread=main,event=E00_MAIN_ENTRY,us=46
NORMTRACE,run=0,thread=main,event=E10_EVENT_LOOP_BEGIN,us=10824
NORMTRACE,run=0,thread=main,event=E11_EVENT_LOOP_READY,us=39054
NORMTRACE,run=0,thread=pocket-gpu-instance,event=E30_GPU_INSTANCE_BEGIN,us=39181
NORMTRACE,run=0,thread=main,event=E20_WINDOW_CREATE_BEGIN,us=45390
NORMTRACE,run=0,thread=main,event=E21_WINDOW_CREATE_END,us=137803
NORMTRACE,run=0,thread=pocket-gpu-instance,event=E31_GPU_INSTANCE_END,us=138310
NORMTRACE,run=0,thread=pocket-runtime,event=E80_RUNTIME_THREAD_BEGIN,us=144517
NORMTRACE,run=0,thread=pocket-runtime,event=E81_ASSET_READ_BEGIN,us=157895
NORMTRACE,run=0,thread=main,event=E40_SURFACE_CREATE_BEGIN,us=152867
NORMTRACE,run=0,thread=pocket-runtime,event=E82_ASSET_READ_END,us=164461
NORMTRACE,run=0,thread=pocket-runtime,event=E83_UI_SURFACE_BEGIN,us=170890
NORMTRACE,run=0,thread=main,event=E41_SURFACE_CREATE_END,us=168288
NORMTRACE,run=0,thread=main,event=E50_ADAPTER_BEGIN,us=173111
NORMTRACE,run=0,thread=pocket-runtime,event=E84_UI_SURFACE_END,us=171984
NORMTRACE,run=0,thread=pocket-runtime,event=E85_QUICKJS_BEGIN,us=175607
[2026-09-13T15:52:24Z ERROR wgpu_hal::vulkan::adapter] get_physical_device_surface_capabilities: An unknown error has occurred, due to an implementation or application bug
NORMTRACE,run=0,thread=pocket-runtime,event=E86_QUICKJS_END,us=176918
NORMTRACE,run=0,thread=pocket-runtime,event=E87_GUEST_EVAL_BEGIN,us=178697

thread 'main' (2088) panicked at src\main.rs:1118:38:
called `Option::unwrap()` on a `None` value
note: run with `RUST_BACKTRACE=1` environment variable to display a backtrace
Error: GPU initialization: no compatible GPU adapter: No suitable graphics adapter found; noop not requested, vulkan not compatible with provided surface, metal not requested, dx12 not requested, gl not requested, webgpu not requested
WALL_SPAWN_EXIT_MS=1321,exitcode=
