NORMTRACE,run=29,thread=main,event=E00_MAIN_ENTRY,us=53
NORMTRACE,run=29,thread=main,event=E10_EVENT_LOOP_BEGIN,us=135
NORMTRACE,run=29,thread=main,event=E11_EVENT_LOOP_READY,us=8547
NORMTRACE,run=29,thread=main,event=E20_WINDOW_CREATE_BEGIN,us=8587
NORMTRACE,run=29,thread=pocket-gpu-instance,event=E30_GPU_INSTANCE_BEGIN,us=8662
NORMTRACE,run=29,thread=main,event=E21_WINDOW_CREATE_END,us=11123
NORMTRACE,run=29,thread=pocket-runtime,event=E80_RUNTIME_THREAD_BEGIN,us=14307
NORMTRACE,run=29,thread=pocket-runtime,event=E81_ASSET_READ_BEGIN,us=14376
NORMTRACE,run=29,thread=pocket-runtime,event=E82_ASSET_READ_END,us=15790
NORMTRACE,run=29,thread=pocket-runtime,event=E83_UI_SURFACE_BEGIN,us=15819
NORMTRACE,run=29,thread=pocket-runtime,event=E84_UI_SURFACE_END,us=15877
NORMTRACE,run=29,thread=pocket-runtime,event=E85_QUICKJS_BEGIN,us=16030
NORMTRACE,run=29,thread=pocket-runtime,event=E86_QUICKJS_END,us=16560
NORMTRACE,run=29,thread=pocket-runtime,event=E87_GUEST_EVAL_BEGIN,us=16916
[2026-09-13T15:40:16Z WARN  wgpu_hal::vulkan::instance] Unable to find extension: VK_EXT_physical_device_drm
NORMTRACE,run=29,thread=pocket-gpu-instance,event=E31_GPU_INSTANCE_END,us=40460
NORMTRACE,run=29,thread=main,event=E40_SURFACE_CREATE_BEGIN,us=40537
NORMTRACE,run=29,thread=main,event=E41_SURFACE_CREATE_END,us=40649
NORMTRACE,run=29,thread=main,event=E50_ADAPTER_BEGIN,us=40692
NORMTRACE,run=29,thread=pocket-runtime,event=E88_GUEST_EVAL_END,us=48152
NORMTRACE,run=29,thread=pocket-runtime,event=E89_RUNTIME_BOOT_DONE,us=48222
NORMTRACE,run=29,thread=pocket-runtime,event=E90_RENDERER_BEGIN,us=48242
NORMTRACE,run=29,thread=main,event=E51_ADAPTER_END,us=59269
[2026-09-13T15:40:16Z INFO  pocket3d::gpu] adapter: "AMD Radeon RX 580 2048SP (RADV POLARIS10)" (DiscreteGpu, requested LowPower)
NORMTRACE,run=29,thread=main,event=E60_DEVICE_BEGIN,us=59327
NORMTRACE,run=29,thread=main,event=E61_DEVICE_END,us=63138
NORMTRACE,run=29,thread=main,event=E70_SURFACE_CAPS_BEGIN,us=63168
NORMTRACE,run=29,thread=main,event=E71_SURFACE_CAPS_END,us=64773
NORMTRACE,run=29,thread=main,event=E72_SURFACE_CONFIG_BEGIN,us=64804
NORMTRACE,run=29,thread=main,event=E73_SURFACE_CONFIG_END,us=66880
[2026-09-13T15:40:16Z INFO  pocket_desktop_host::gpu] Pocket UI GPU: Vulkan / AMD Radeon RX 580 2048SP (RADV POLARIS10) / Bgra8Unorm
NORMTRACE,run=29,thread=main,event=E131_REDRAW_CALLBACK,us=66963
NORMTRACE,run=29,thread=pocket-runtime,event=E91_RENDERER_READY,us=68298
NORMTRACE,run=29,thread=pocket-runtime,event=E100_FIRST_TICK_BEGIN,us=68420
NORMTRACE,run=29,thread=pocket-runtime,event=E101_GUEST_FRAME_DONE,us=68486
NORMTRACE,run=29,thread=pocket-runtime,event=E102_SURFACE_TICK_DONE,us=68581
NORMTRACE,run=29,thread=pocket-runtime,event=E110_RENDER_BEGIN,us=68646
NORMTRACE,run=29,thread=pocket-runtime,event=E112_RENDER_TARGET_READY,us=68683
NORMTRACE,run=29,thread=pocket-runtime,event=E111_DRAWLIST_READY,us=68718
NORMTRACE,run=29,thread=pocket-runtime,event=E113_RENDER_QUEUE_SUBMIT,us=70062
NORMTRACE,run=29,thread=pocket-runtime,event=E120_WAKE_SEND_BEGIN,us=70088
NORMTRACE,run=29,thread=pocket-runtime,event=E121_WAKE_SEND_END,us=70109
NORMTRACE,run=29,thread=main,event=E122_WAKE_RECEIVED,us=70122
NORMTRACE,run=29,thread=main,event=E130_REQUEST_REDRAW,us=70163
NORMTRACE,run=29,thread=main,event=E140_GET_TEXTURE_BEGIN,us=70187
NORMTRACE,run=29,thread=main,event=E141_GET_TEXTURE_END,us=70229
NORMTRACE,run=29,thread=main,event=E150_BLIT_BEGIN,us=70254
NORMTRACE,run=29,thread=main,event=E151_BLIT_END,us=70738
NORMTRACE,run=29,thread=main,event=E160_PRESENT_ENCODE_BEGIN,us=70775
NORMTRACE,run=29,thread=main,event=E161_PRESENT_ENCODE_END,us=71658
NORMTRACE,run=29,thread=main,event=E162_PRESENT_QUEUE_SUBMIT,us=72165
NORMTRACE,run=29,thread=main,event=E170_PRE_PRESENT_NOTIFY,us=72201
NORMTRACE,run=29,thread=main,event=E180_PRESENT_BEGIN,us=72223
NORMTRACE,run=29,thread=main,event=E181_PRESENT_RETURN,us=72282
NORMTRACE,run=29,thread=main,event=E190_FIRST_USABLE_PRESENT_SUBMITTED,us=72313
BENCHMARK_CONFIG {"app":"picoview-a6-main","arm":"C-full-pocketjs","clock":"process-local Instant; origin E00_MAIN_ENTRY","desired_maximum_frame_latency":1,"force_fallback_adapter":false,"force_scale":1.0,"gpu":{"adapter":"AMD Radeon RX 580 2048SP (RADV POLARIS10)","adapter_backend":"Vulkan","alpha_mode":"Auto","desired_maximum_frame_latency":1,"device_type":"DiscreteGpu","present_mode":"Fifo","surface_format":"Bgra8Unorm","surface_size":[720,480]},"gpu_backend_policy":"(Backends(VULKAN), MemoryUsage)","guest":"picoview-a6-main|js_bytes=357860|js_fnv=0x506ae38d1739469b|pak_bytes=78576|pak_fnv=0x71f91c52dded33cc","host_abi":4,"logical_viewport":[720,480],"pocket_gpu_backend_env":"VULKAN","pocketjs_sha":"e15674db1ca9179732c22e5a9a191ba21ebf3e70","pocketjs_tree":"f09cf9fa116d3fa92d64f49fec7edf1d088d059e","power_preference":"LowPower","present_mode":"Fifo","quit_after_ticks":30,"raster_density":1,"target_id":"linux-app"}
WALL_EXIT_RC=0
