bun install v1.4.2 (744846f84)

+ @babel/core@7.29.7
+ @babel/preset-typescript@7.29.7
+ @codemirror/lang-javascript@6.2.5
+ @codemirror/state@6.7.0
+ @codemirror/theme-one-dark@6.1.3
+ @napi-rs/canvas@1.0.2
+ @napi-rs/wasm-runtime@1.1.5
+ @tailwindcss/cli@4.3.2
+ @tailwindcss/typography@0.5.20
+ @types/babel__core@7.20.5
+ @types/bun@1.3.14
+ @types/opentype.js@1.3.10
+ @types/three@0.185.4
+ babel-preset-solid@1.9.12
+ codemirror@6.0.2
+ jsnes@2.1.0
+ marked@18.0.5
+ opentype.js@1.3.5
+ shiki@4.3.1
+ tailwindcss@4.3.2
+ three@0.185.1
+ typescript@5.9.3
+ @vue/compiler-sfc@3.6.0-rc.1
+ @vue/compiler-vapor@3.6.0-rc.1
+ octane@0.1.26
+ solid-js@1.9.14
+ vue@3.6.0-rc.1
+ vue-jsx-vapor@3.2.19

231 packages installed [1048.00ms]
