    Updating crates.io index
 Downloading crates ...
  Downloaded linebender_resource_handle v0.1.1
  Downloaded cfg_aliases v0.2.2
  Downloaded unicode-linebreak v0.1.5
  Downloaded sys-locale v0.3.2
  Downloaded xcursor v0.3.11
  Downloaded core_maths v0.1.1
  Downloaded jobserver v0.1.35
  Downloaded rustc-hash v2.1.3
  Downloaded bytemuck_derive v1.12.0
  Downloaded rustversion v1.0.23
  Downloaded font-types v0.12.4
  Downloaded find-msvc-tools v0.1.11
  Downloaded self_cell v1.3.0
  Downloaded smol_str v0.3.6
  Downloaded tinyvec_macros v0.1.1
  Downloaded zune-core v0.5.3
  Downloaded thiserror v2.0.20
  Downloaded thiserror-impl v2.0.20
  Downloaded crc32fast v1.5.1
  Downloaded font-types v0.11.3
  Downloaded pkg-config v0.3.34
  Downloaded base64 v0.22.1
  Downloaded rquickjs v0.12.2
  Downloaded wayland-scanner v0.31.11
  Downloaded yazi v0.2.1
  Downloaded zeno v0.3.3
  Downloaded unicode-script v0.5.8
  Downloaded log v0.4.34
  Downloaded rangemap v1.8.0
  Downloaded unicode-bidi v0.3.18
  Downloaded tinyvec v1.12.0
  Downloaded flate2 v1.1.10
  Downloaded miniz_oxide v0.9.1
  Downloaded arboard v3.6.1
  Downloaded wayland-client v0.31.15
  Downloaded bytemuck v1.25.2
  Downloaded wayland-backend v0.3.17
  Downloaded fontdb v0.23.0
  Downloaded cc v1.4.4
  Downloaded zerocopy-derive v0.8.56
  Downloaded jiff-core v0.1.0
  Downloaded rquickjs-core v0.12.2
  Downloaded zlib-rs v0.6.7
  Downloaded quick-xml v0.41.0
  Downloaded swash v0.2.10
  Downloaded harfrust v0.5.2
  Downloaded skrifa v0.40.0
  Downloaded zerocopy v0.8.56
  Downloaded skrifa v0.44.0
  Downloaded read-fonts v0.37.0
  Downloaded read-fonts v0.41.0
  Downloaded jiff v0.2.35
  Downloaded pxfm v0.1.30
  Downloaded glam v0.33.7
  Downloaded rquickjs-sys v0.12.2
  Downloaded cosmic-text v0.19.0
   Compiling proc-macro2 v1.0.107
   Compiling unicode-ident v1.0.24
   Compiling quote v1.0.47
   Compiling serde_core v1.0.229
   Compiling cfg-if v1.0.4
   Compiling log v0.4.34
   Compiling libm v0.2.16
   Compiling once_cell v1.21.4
   Compiling find-msvc-tools v0.1.11
   Compiling shlex v2.0.1
   Compiling libc v0.2.189
   Compiling smallvec v1.15.2
   Compiling rustix v1.1.4
   Compiling linux-raw-sys v0.12.1
   Compiling pkg-config v0.3.34
   Compiling cfg_aliases v0.2.2
   Compiling version_check v0.9.5
   Compiling autocfg v1.5.1
   Compiling arrayvec v0.7.8
   Compiling memchr v2.8.3
   Compiling libloading v0.8.9
   Compiling allocator-api2 v0.2.21
   Compiling scoped-tls v1.0.1
   Compiling foldhash v0.2.0
   Compiling cc v1.4.4
   Compiling downcast-rs v1.2.1
   Compiling dlib v0.5.3
   Compiling equivalent v1.0.2
   Compiling wayland-client v0.31.15
   Compiling zerocopy v0.8.56
   Compiling rustversion v1.0.23
   Compiling parking_lot_core v0.9.12
   Compiling thiserror v2.0.20
   Compiling thiserror v1.0.69
   Compiling slotmap v1.1.1
   Compiling simd-adler32 v0.3.10
   Compiling foldhash v0.1.5
   Compiling rustix v0.38.44
   Compiling heck v0.5.0
   Compiling num-traits v0.2.19
   Compiling scopeguard v1.2.0
   Compiling lock_api v0.4.14
   Compiling hashbrown v0.17.1
   Compiling hashbrown v0.15.5
   Compiling naga v25.0.1
   Compiling zmij v1.0.23
   Compiling wayland-sys v0.31.11
   Compiling adler2 v2.0.1
   Compiling ash v0.38.0+1.3.281
   Compiling crc32fast v1.5.1
   Compiling quick-xml v0.41.0
   Compiling unicode-width v0.2.2
   Compiling bit-vec v0.8.0
   Compiling khronos-egl v6.0.0
   Compiling termcolor v1.4.1
   Compiling linux-raw-sys v0.4.15
   Compiling wgpu-hal v25.0.2
   Compiling rustc-hash v1.1.0
   Compiling bit-set v0.8.0
   Compiling anyhow v1.0.104
   Compiling hexf-parse v0.2.1
   Compiling slab v0.4.12
   Compiling syn v3.0.3
   Compiling syn v2.0.119
   Compiling codespan-reporting v0.12.0
   Compiling serde v1.0.229
   Compiling serde_json v1.0.151
   Compiling raw-window-handle v0.6.2
   Compiling miniz_oxide v0.9.1
   Compiling profiling v1.0.18
   Compiling xkeysym v0.2.1
   Compiling smithay-client-toolkit v0.19.2
   Compiling strict-num v0.1.1
   Compiling arrayref v0.3.9
   Compiling indexmap v2.14.0
   Compiling getrandom v0.3.4
   Compiling cursor-icon v1.2.0
   Compiling xcursor v0.3.11
   Compiling renderdoc-sys v1.1.0
   Compiling core_maths v0.1.1
   Compiling ttf-parser v0.25.1
   Compiling memmap2 v0.9.11
   Compiling itoa v1.0.18
   Compiling wayland-scanner v0.31.11
   Compiling parking_lot v0.12.5
   Compiling glow v0.16.0
   Compiling wayland-backend v0.3.17
   Compiling rquickjs-sys v0.12.2
   Compiling flate2 v1.1.10
   Compiling glam v0.33.7
   Compiling taffy v0.11.0
   Compiling miniz_oxide v0.8.9
   Compiling ordered-float v4.6.0
   Compiling x11-dl v2.21.0
   Compiling fdeflate v0.3.7
   Compiling ahash v0.8.12
   Compiling wgpu-core v25.0.2
   Compiling zune-core v0.5.3
   Compiling litrs v1.0.0
   Compiling ab_glyph_rasterizer v0.1.10
   Compiling as-raw-xcb-connection v1.0.1
   Compiling x11rb-protocol v0.13.2
   Compiling inflections v1.1.1
   Compiling pxfm v0.1.30
   Compiling pocketjs-core v0.1.0 (/home/jnhu/Source/pocketjs-linux-startup-control/pocketjs-control/engine/core)
   Compiling zune-jpeg v0.5.15
   Compiling aho-corasick v1.1.5
   Compiling document-features v0.2.12
   Compiling winit v0.30.13
   Compiling bitflags v2.13.1
   Compiling wgpu v25.0.2
   Compiling gpu-descriptor-types v0.2.0
   Compiling gpu-alloc-types v0.3.1
   Compiling spirv v0.3.0+sdk-1.3.268.0
   Compiling gpu-alloc v0.6.2
   Compiling gpu-descriptor v0.3.2
   Compiling bytemuck_derive v1.12.0
   Compiling thiserror-impl v2.0.20
   Compiling serde_derive v1.0.229
   Compiling owned_ttf_parser v0.25.1
   Compiling png v0.18.1
   Compiling ab_glyph v0.2.32
   Compiling byteorder-lite v0.1.0
   Compiling tracing-core v0.1.36
   Compiling pin-project-lite v0.2.17
   Compiling percent-encoding v2.3.2
   Compiling bytemuck v1.25.2
   Compiling tinyvec_macros v0.1.1
   Compiling regex-syntax v0.8.11
   Compiling tinyvec v1.12.0
   Compiling wgpu-types v25.0.0
   Compiling tiny-skia-path v0.11.4
   Compiling font-types v0.12.4
   Compiling font-types v0.11.3
   Compiling moxcms v0.8.1
   Compiling read-fonts v0.41.0
   Compiling read-fonts v0.37.0
   Compiling tiny-skia v0.11.4
   Compiling zerocopy-derive v0.8.56
   Compiling thiserror-impl v1.0.69
   Compiling strum_macros v0.26.4
   Compiling gltf-derive v1.4.1
   Compiling regex-automata v0.4.18
   Compiling gltf-json v1.4.1
   Compiling tracing v0.1.44
   Compiling xkbcommon-dl v0.4.2
   Compiling polling v3.11.0
   Compiling strum v0.26.3
   Compiling calloop v0.13.0
   Compiling gethostname v1.1.0
   Compiling pocket3d-anim v0.1.0 (/home/jnhu/Source/pocketjs-linux-startup-control/pocketjs-control/engine/pocket3d/crates/pocket3d-anim)
   Compiling dpi v0.1.2
   Compiling wayland-csd-frame v0.3.0
   Compiling image v0.25.10
   Compiling byteorder v1.5.0
   Compiling base64 v0.13.1
   Compiling zeno v0.3.3
   Compiling utf8parse v0.2.2
   Compiling static_assertions v1.1.0
   Compiling yazi v0.2.1
   Compiling urlencoding v2.1.3
   Compiling wayland-protocols v0.32.13
   Compiling wayland-cursor v0.31.14
   Compiling calloop-wayland-source v0.3.0
   Compiling lazy_static v1.5.0
   Compiling smol_str v0.2.2
   Compiling anstyle-parse v1.0.0
   Compiling regex v1.13.1
   Compiling pocket3d-mesh v0.1.0 (/home/jnhu/Source/pocketjs-linux-startup-control/pocketjs-control/engine/pocket3d/crates/pocket3d-mesh)
   Compiling half v2.7.1
   Compiling fontdb v0.23.0
   Compiling pocket3d-bsp v0.1.0 (/home/jnhu/Source/pocketjs-linux-startup-control/pocketjs-control/engine/pocket3d/crates/pocket3d-bsp)
   Compiling unicode-segmentation v1.13.3
   Compiling rustc-hash v2.1.3
   Compiling unicode-linebreak v0.1.5
   Compiling skrifa v0.40.0
   Compiling gltf v1.4.1
   Compiling harfrust v0.5.2
   Compiling sys-locale v0.3.2
   Compiling skrifa v0.44.0
   Compiling smol_str v0.3.6
   Compiling jiff-core v0.1.0
   Compiling self_cell v1.3.0
   Compiling anstyle v1.0.14
   Compiling unicode-script v0.5.8
   Compiling x11rb v0.13.2
   Compiling rangemap v1.8.0
   Compiling linebender_resource_handle v0.1.1
   Compiling anstyle-query v1.1.5
   Compiling swash v0.2.10
   Compiling wayland-protocols-wlr v0.3.12
   Compiling wayland-protocols-plasma v0.3.12
   Compiling unicode-bidi v0.3.18
   Compiling pollster v0.4.0
   Compiling colorchoice v1.0.5
   Compiling is_terminal_polyfill v1.70.2
   Compiling font8x8 v0.3.1
   Compiling anstream v1.0.0
   Compiling jiff v0.2.35
   Compiling env_filter v2.0.0
   Compiling sctk-adwaita v0.10.1
   Compiling cosmic-text v0.19.0
   Compiling base64 v0.22.1
   Compiling env_logger v0.11.11
   Compiling arboard v3.6.1
   Compiling wgpu-core-deps-windows-linux-android v25.0.0
   Compiling pocket-text v0.1.0 (/home/jnhu/Source/pocketjs-linux-startup-control/pocketjs-control/engine/crates/pocket-text)
   Compiling pocket3d v0.1.0 (/home/jnhu/Source/pocketjs-linux-startup-control/pocketjs-control/engine/pocket3d/crates/pocket3d)
   Compiling rquickjs-core v0.12.2
   Compiling rquickjs v0.12.2
   Compiling pocket-mod v0.1.0 (/home/jnhu/Source/pocketjs-linux-startup-control/pocketjs-control/engine/crates/pocket-mod)
   Compiling pocket-ui-surface v0.1.0 (/home/jnhu/Source/pocketjs-linux-startup-control/pocketjs-control/engine/crates/pocket-ui-surface)
   Compiling pocket-ui-wgpu v0.1.0 (/home/jnhu/Source/pocketjs-linux-startup-control/pocketjs-control/engine/crates/pocket-ui-wgpu)
   Compiling pocket-desktop-host v0.1.0 (/home/jnhu/Source/pocketjs-linux-startup-control/pocketjs-control/hosts/desktop)
warning: enum `QuarterTurn` is never used
   --> src/a3.rs:129:6
    |
129 | enum QuarterTurn {
    |      ^^^^^^^^^^^
    |
    = note: `#[warn(dead_code)]` (part of `#[warn(unused)]`) on by default

warning: struct `PlaneTransform` is never constructed
   --> src/a3.rs:139:8
    |
139 | struct PlaneTransform {
    |        ^^^^^^^^^^^^^^

warning: function `exif_orientation_transform` is never used
   --> src/a3.rs:151:4
    |
151 | fn exif_orientation_transform(value: u16) -> PlaneTransform {
    |    ^^^^^^^^^^^^^^^^^^^^^^^^^^

warning: variants `NotJpeg`, `Corrupt`, and `TooLarge` are never constructed
   --> src/a3.rs:167:5
    |
165 | enum A3DecodeError {
    |      ------------- variants in this enum
166 |     /// Container is not JPEG (content masquerading under a JPEG job).
167 |     NotJpeg,
    |     ^^^^^^^
168 |     /// Container parses as JPEG but pixels cannot be produced.
169 |     Corrupt,
    |     ^^^^^^^
170 |     /// Post-transform plane exceeds the native admission bound.
171 |     TooLarge,
    |     ^^^^^^^^
    |
    = note: `A3DecodeError` has derived impls for the traits `Clone` and `Debug`, but these are intentionally ignored during dead code analysis

warning: function `checked_plane_bytes` is never used
   --> src/a3.rs:223:4
    |
223 | fn checked_plane_bytes(w: u32, h: u32) -> Result<u64, A3DecodeError> {
    |    ^^^^^^^^^^^^^^^^^^^

warning: struct `MemSnapshot` is never constructed
  --> src/memprobe.rs:20:12
   |
20 | pub struct MemSnapshot {
   |            ^^^^^^^^^^^

warning: function `enabled` is never used
  --> src/memprobe.rs:25:4
   |
25 | fn enabled() -> bool {
   |    ^^^^^^^

warning: `pocket-desktop-host` (bin "pocket-desktop-host") generated 7 warnings
    Finished `release` profile [optimized] target(s) in 1m 32s
