NORMTRACE,run=0,thread=main,event=E00_MAIN_ENTRY,us=46
NORMTRACE,run=0,thread=main,event=E10_EVENT_LOOP_BEGIN,us=329
NORMTRACE,run=0,thread=main,event=E11_EVENT_LOOP_READY,us=17887
NORMTRACE,run=0,thread=main,event=E20_WINDOW_CREATE_BEGIN,us=18119
NORMTRACE,run=0,thread=pocket-gpu-instance,event=E30_GPU_INSTANCE_BEGIN,us=18004
NORMTRACE,run=0,thread=main,event=E21_WINDOW_CREATE_END,us=71290
NORMTRACE,run=0,thread=pocket-runtime,event=E80_RUNTIME_THREAD_BEGIN,us=71666
NORMTRACE,run=0,thread=pocket-runtime,event=E81_ASSET_READ_BEGIN,us=71863
NORMTRACE,run=0,thread=pocket-runtime,event=E82_ASSET_READ_END,us=73684
NORMTRACE,run=0,thread=pocket-runtime,event=E83_UI_SURFACE_BEGIN,us=73852
NORMTRACE,run=0,thread=pocket-runtime,event=E84_UI_SURFACE_END,us=74020
NORMTRACE,run=0,thread=pocket-runtime,event=E85_QUICKJS_BEGIN,us=74475
NORMTRACE,run=0,thread=pocket-runtime,event=E86_QUICKJS_END,us=74957
NORMTRACE,run=0,thread=pocket-runtime,event=E87_GUEST_EVAL_BEGIN,us=75244
NORMTRACE,run=0,thread=pocket-runtime,event=E88_GUEST_EVAL_END,us=99302
NORMTRACE,run=0,thread=pocket-runtime,event=E89_RUNTIME_BOOT_DONE,us=99402
NORMTRACE,run=0,thread=pocket-runtime,event=E90_RENDERER_BEGIN,us=99461
NORMTRACE,run=0,thread=pocket-gpu-instance,event=E31_GPU_INSTANCE_END,us=103106
NORMTRACE,run=0,thread=main,event=E40_SURFACE_CREATE_BEGIN,us=103207
NORMTRACE,run=0,thread=main,event=E41_SURFACE_CREATE_END,us=103362
NORMTRACE,run=0,thread=main,event=E50_ADAPTER_BEGIN,us=103441
NORMTRACE,run=0,thread=main,event=E51_ADAPTER_END,us=110083
[2026-09-13T15:33:29Z INFO  pocket3d::gpu] adapter: "AMD Radeon(TM) Graphics" (IntegratedGpu, requested LowPower)
NORMTRACE,run=0,thread=main,event=E60_DEVICE_BEGIN,us=110233
NORMTRACE,run=0,thread=main,event=E61_DEVICE_END,us=121007
NORMTRACE,run=0,thread=main,event=E70_SURFACE_CAPS_BEGIN,us=121091
NORMTRACE,run=0,thread=main,event=E71_SURFACE_CAPS_END,us=125573
NORMTRACE,run=0,thread=main,event=E72_SURFACE_CONFIG_BEGIN,us=125646
NORMTRACE,run=0,thread=main,event=E73_SURFACE_CONFIG_END,us=132760
[2026-09-13T15:33:29Z INFO  pocket_desktop_host::gpu] Pocket UI GPU: Vulkan / AMD Radeon(TM) Graphics / Bgra8Unorm
NORMTRACE,run=0,thread=main,event=E131_REDRAW_CALLBACK,us=133160
NORMTRACE,run=0,thread=pocket-runtime,event=E91_RENDERER_READY,us=135362
NORMTRACE,run=0,thread=pocket-runtime,event=E100_FIRST_TICK_BEGIN,us=135568
NORMTRACE,run=0,thread=pocket-runtime,event=E101_GUEST_FRAME_DONE,us=135671
NORMTRACE,run=0,thread=pocket-runtime,event=E102_SURFACE_TICK_DONE,us=135813
NORMTRACE,run=0,thread=pocket-runtime,event=E110_RENDER_BEGIN,us=135923
NORMTRACE,run=0,thread=pocket-runtime,event=E112_RENDER_TARGET_READY,us=136091
NORMTRACE,run=0,thread=pocket-runtime,event=E111_DRAWLIST_READY,us=136169
NORMTRACE,run=0,thread=pocket-runtime,event=E113_RENDER_QUEUE_SUBMIT,us=136990
NORMTRACE,run=0,thread=pocket-runtime,event=E120_WAKE_SEND_BEGIN,us=137067
NORMTRACE,run=0,thread=pocket-runtime,event=E121_WAKE_SEND_END,us=137136
NORMTRACE,run=0,thread=main,event=E122_WAKE_RECEIVED,us=137171
NORMTRACE,run=0,thread=main,event=E130_REQUEST_REDRAW,us=137297
NORMTRACE,run=0,thread=main,event=E140_GET_TEXTURE_BEGIN,us=137389
NORMTRACE,run=0,thread=main,event=E141_GET_TEXTURE_END,us=137559
NORMTRACE,run=0,thread=main,event=E150_BLIT_BEGIN,us=137631
NORMTRACE,run=0,thread=main,event=E151_BLIT_END,us=138316
NORMTRACE,run=0,thread=main,event=E160_PRESENT_ENCODE_BEGIN,us=138386
NORMTRACE,run=0,thread=main,event=E161_PRESENT_ENCODE_END,us=138833
NORMTRACE,run=0,thread=main,event=E162_PRESENT_QUEUE_SUBMIT,us=139028
NORMTRACE,run=0,thread=main,event=E170_PRE_PRESENT_NOTIFY,us=139088
NORMTRACE,run=0,thread=main,event=E180_PRESENT_BEGIN,us=139141
NORMTRACE,run=0,thread=main,event=E181_PRESENT_RETURN,us=142424
NORMTRACE,run=0,thread=main,event=E190_FIRST_USABLE_PRESENT_SUBMITTED,us=142503
