[2026-09-19T00:56:35Z INFO  picoview] [     0.0ms] process start
[2026-09-19T00:56:36Z INFO  picoview] [    50.1ms] window created (hidden until first frame)
[2026-09-19T00:56:36Z INFO  pocket3d::gpu] adapter: "AMD Radeon(TM) Graphics" (IntegratedGpu, requested LowPower)
[2026-09-19T00:56:37Z INFO  picoview::presentation] PicoView GPU: Vulkan / AMD Radeon(TM) Graphics / Bgra8Unorm
[2026-09-19T00:56:37Z INFO  picoview] [  1154.8ms] surface created+configured 960x640 (AdapterInfo { name: "AMD Radeon(TM) Graphics", vendor: 4098, device: 5688, device_type: IntegratedGpu, driver: "AMD proprietary driver", driver_info: "25.8.1 (AMD proprietary shader compiler)", backend: Vulkan }, present Fifo, latency 1)
[2026-09-19T00:56:37Z INFO  picoview] [  1155.5ms] R1 boot geometry: policy=Dynamic initial_requested=960x640 measured_physical=960x640 os_scale=1 package_density=2 logical=960x640 render_scale=1
[2026-09-19T00:56:37Z INFO  picoview] [  1156.1ms] Resized 960x640
[2026-09-19T00:56:38Z INFO  picoview::runtime] current item: generation=1 handle=Some(11) path=C:\img\001R0E0aly1i50ph1thhjj66dc48w1l102.jpg
[2026-09-19T00:56:38Z INFO  picoview::runtime] browse session: dir=C:\img count=2 index=Some(0)
[2026-09-19T00:56:38Z INFO  picoview] [  2201.8ms] R1 runtime booted: policy=Dynamic initial_requested=960x640 logical=960x640 physical=960x640 live_scale=1 package_density=2
[2026-09-19T00:56:38Z INFO  picoview] [  2202.1ms] R1 presentation update: logical=960x640 physical=960x640 os_scale=1
[2026-09-19T00:56:38Z INFO  picoview] [  2221.4ms] R1 render request: logical=960x640 physical=960x640 live_scale=1
[2026-09-19T00:56:38Z INFO  picoview] [  2292.2ms] render submit (tick 1)
[2026-09-19T00:56:38Z INFO  picoview] [  2293.0ms] frame ready from worker (tick 1)
[2026-09-19T00:56:38Z INFO  picoview] [  2293.3ms] present begin (frame tick 1)
[2026-09-19T00:56:38Z INFO  picoview] [  2293.5ms] first-present recovery: reconfigure swapchain
[2026-09-19T00:56:38Z INFO  picoview] [  2317.9ms] R1 present: retained=960x640 swapchain=960x640 policy=Exact filter=Nearest
[2026-09-19T00:56:38Z INFO  picoview] [  2327.3ms] swapchain present submitted
[2026-09-19T00:56:38Z INFO  picoview] [  2327.5ms] present end (frame tick 1, submitted true)
[2026-09-19T00:56:38Z INFO  picoview] [  2362.7ms] window shown after first presented frame
[2026-09-19T00:56:38Z INFO  picoview] [  2363.2ms] Resized 960x640
[2026-09-19T00:56:38Z INFO  picoview] [  2363.5ms] RedrawRequested
[2026-09-19T00:56:38Z INFO  picoview] [  2363.7ms] present begin (frame tick 1)
[2026-09-19T00:56:38Z INFO  picoview] [  2363.9ms] R1 present: retained=960x640 swapchain=960x640 policy=Exact filter=Nearest
[2026-09-19T00:56:38Z INFO  picoview] [  2364.7ms] swapchain present submitted
[2026-09-19T00:56:38Z INFO  picoview] [  2364.9ms] present end (frame tick 1, submitted true)
[2026-09-19T00:56:38Z INFO  picoview] [  2376.8ms] R1 presentation update: logical=960x640 physical=960x640 os_scale=1
