[2026-09-15T01:05:14Z INFO  picoview] [     0.0ms] process start
[2026-09-15T01:05:14Z INFO  picoview] [    12.7ms] heal DISABLED (PICOVIEW_HEAL=0)
[2026-09-15T01:05:14Z INFO  picoview] [    88.5ms] window created
[2026-09-15T01:05:16Z INFO  pocket3d::gpu] adapter: "AMD Radeon(TM) Graphics" (IntegratedGpu, requested LowPower)
[2026-09-15T01:05:16Z INFO  picoview::gpu] PicoView GPU: Vulkan / AMD Radeon(TM) Graphics / Bgra8Unorm
[2026-09-15T01:05:16Z INFO  picoview] [  1618.6ms] surface created+configured 960x640 (AdapterInfo { name: "AMD Radeon(TM) Graphics", vendor: 4098, device: 5688, device_type: IntegratedGpu, driver: "AMD proprietary driver", driver_info: "25.8.1 (AMD proprietary shader compiler)", backend: Vulkan }, present Fifo, latency 1)
[2026-09-15T01:05:16Z INFO  picoview] [  1618.9ms] Resized 1904x984
[2026-09-15T01:05:16Z INFO  picoview] [  1618.9ms] Resized 960x640
[2026-09-15T01:05:16Z INFO  picoview] [  1618.9ms] Resized 960x640
[2026-09-15T01:05:16Z INFO  picoview] [  1619.2ms] RedrawRequested
[2026-09-15T01:05:16Z INFO  picoview] current item: generation=1 handle=Some(0) path=C:/Users/fred1/source/PicoView/test-media/real-screenshot.jpg
[2026-09-15T01:05:16Z INFO  picoview] [  1720.4ms] runtime booted (pak fed, guest mounted, source eval'd, current item opened)
[2026-09-15T01:05:16Z INFO  picoview] [  1730.0ms] render submit (tick 1)
[2026-09-15T01:05:16Z INFO  picoview] [  1730.2ms] frame ready from worker (tick 1), requesting redraw
[2026-09-15T01:05:16Z INFO  picoview] [  1730.3ms] RedrawRequested
[2026-09-15T01:05:16Z INFO  picoview] [  1730.3ms] present begin (frame tick 1)
[2026-09-15T01:05:16Z INFO  picoview] [  1736.4ms] swapchain present submitted
[2026-09-15T01:05:16Z INFO  picoview] [  1736.4ms] present end (frame tick 1, submitted true)
[2026-09-15T01:05:16Z INFO  picoview] [  1819.6ms] RedrawRequested
[2026-09-15T01:05:16Z INFO  picoview] [  1819.7ms] present begin (frame tick 1)
[2026-09-15T01:05:16Z INFO  picoview] [  1821.3ms] swapchain present submitted
[2026-09-15T01:05:16Z INFO  picoview] [  1821.4ms] present end (frame tick 1, submitted true)
