[2026-09-15T01:05:19Z INFO  picoview] [     0.0ms] process start
[2026-09-15T01:05:19Z INFO  picoview] [    10.6ms] heal DISABLED (PICOVIEW_HEAL=0)
[2026-09-15T01:05:19Z INFO  picoview] [    89.4ms] window created
[2026-09-15T01:05:20Z INFO  pocket3d::gpu] adapter: "AMD Radeon(TM) Graphics" (IntegratedGpu, requested LowPower)
[2026-09-15T01:05:20Z INFO  picoview::gpu] PicoView GPU: Vulkan / AMD Radeon(TM) Graphics / Bgra8Unorm
[2026-09-15T01:05:20Z INFO  picoview] [  1721.6ms] surface created+configured 960x640 (AdapterInfo { name: "AMD Radeon(TM) Graphics", vendor: 4098, device: 5688, device_type: IntegratedGpu, driver: "AMD proprietary driver", driver_info: "25.8.1 (AMD proprietary shader compiler)", backend: Vulkan }, present Fifo, latency 1)
[2026-09-15T01:05:20Z INFO  picoview] [  1721.9ms] Resized 1904x984
[2026-09-15T01:05:20Z INFO  picoview] [  1721.9ms] Resized 960x640
[2026-09-15T01:05:20Z INFO  picoview] [  1722.0ms] Resized 960x640
[2026-09-15T01:05:20Z INFO  picoview] [  1722.2ms] RedrawRequested
[2026-09-15T01:05:20Z INFO  picoview] current item: generation=1 handle=Some(0) path=C:/Users/fred1/source/PicoView/test-media/real-screenshot.jpg
[2026-09-15T01:05:20Z INFO  picoview] [  1829.5ms] runtime booted (pak fed, guest mounted, source eval'd, current item opened)
[2026-09-15T01:05:20Z INFO  picoview] [  1839.3ms] render submit (tick 1)
[2026-09-15T01:05:20Z INFO  picoview] [  1839.7ms] frame ready from worker (tick 1), requesting redraw
[2026-09-15T01:05:20Z INFO  picoview] [  1839.8ms] RedrawRequested
[2026-09-15T01:05:20Z INFO  picoview] [  1839.9ms] present begin (frame tick 1)
[2026-09-15T01:05:20Z INFO  picoview] [  1846.1ms] swapchain present submitted
[2026-09-15T01:05:20Z INFO  picoview] [  1846.2ms] present end (frame tick 1, submitted true)
[2026-09-15T01:05:20Z INFO  picoview] [  1908.8ms] RedrawRequested
[2026-09-15T01:05:20Z INFO  picoview] [  1908.9ms] present begin (frame tick 1)
[2026-09-15T01:05:20Z INFO  picoview] [  1910.6ms] swapchain present submitted
[2026-09-15T01:05:20Z INFO  picoview] [  1910.7ms] present end (frame tick 1, submitted true)
