[2026-09-15T01:05:14Z INFO  picoview] [     0.0ms] process start
[2026-09-15T01:05:14Z INFO  picoview] [     7.6ms] heal DISABLED (PICOVIEW_HEAL=0)
[2026-09-15T01:05:14Z INFO  picoview] [    87.5ms] window created
[2026-09-15T01:05:16Z INFO  pocket3d::gpu] adapter: "AMD Radeon(TM) Graphics" (IntegratedGpu, requested LowPower)
[2026-09-15T01:05:16Z INFO  picoview::gpu] PicoView GPU: Vulkan / AMD Radeon(TM) Graphics / Bgra8Unorm
[2026-09-15T01:05:16Z INFO  picoview] [  1636.7ms] surface created+configured 960x640 (AdapterInfo { name: "AMD Radeon(TM) Graphics", vendor: 4098, device: 5688, device_type: IntegratedGpu, driver: "AMD proprietary driver", driver_info: "25.8.1 (AMD proprietary shader compiler)", backend: Vulkan }, present Fifo, latency 1)
[2026-09-15T01:05:16Z INFO  picoview] [  1637.3ms] Resized 1904x984
[2026-09-15T01:05:16Z INFO  picoview] [  1637.4ms] Resized 960x640
[2026-09-15T01:05:16Z INFO  picoview] [  1637.4ms] Resized 960x640
[2026-09-15T01:05:16Z INFO  picoview] [  1637.6ms] RedrawRequested
[2026-09-15T01:05:16Z INFO  picoview] current item: generation=1 handle=Some(0) path=C:/Users/fred1/source/PicoView/test-media/real-screenshot.jpg
[2026-09-15T01:05:16Z INFO  picoview] [  1742.9ms] runtime booted (pak fed, guest mounted, source eval'd, current item opened)
[2026-09-15T01:05:16Z INFO  picoview] [  1754.4ms] render submit (tick 1)
[2026-09-15T01:05:16Z INFO  picoview] [  1754.5ms] frame ready from worker (tick 1), requesting redraw
[2026-09-15T01:05:16Z INFO  picoview] [  1754.5ms] RedrawRequested
[2026-09-15T01:05:16Z INFO  picoview] [  1754.6ms] present begin (frame tick 1)
[2026-09-15T01:05:16Z INFO  picoview] [  1760.8ms] swapchain present submitted
[2026-09-15T01:05:16Z INFO  picoview] [  1760.9ms] present end (frame tick 1, submitted true)
[2026-09-15T01:05:16Z INFO  picoview] [  1806.1ms] RedrawRequested
[2026-09-15T01:05:16Z INFO  picoview] [  1806.2ms] present begin (frame tick 1)
[2026-09-15T01:05:16Z INFO  picoview] [  1806.8ms] swapchain present submitted
[2026-09-15T01:05:16Z INFO  picoview] [  1806.8ms] present end (frame tick 1, submitted true)
