[2026-09-15T01:05:14Z INFO  picoview] [     0.0ms] process start
[2026-09-15T01:05:14Z INFO  picoview] [     9.6ms] heal DISABLED (PICOVIEW_HEAL=0)
[2026-09-15T01:05:14Z INFO  picoview] [    89.2ms] window created
[2026-09-15T01:05:16Z INFO  pocket3d::gpu] adapter: "AMD Radeon(TM) Graphics" (IntegratedGpu, requested LowPower)
[2026-09-15T01:05:16Z INFO  picoview::gpu] PicoView GPU: Vulkan / AMD Radeon(TM) Graphics / Bgra8Unorm
[2026-09-15T01:05:16Z INFO  picoview] [  1607.0ms] surface created+configured 960x640 (AdapterInfo { name: "AMD Radeon(TM) Graphics", vendor: 4098, device: 5688, device_type: IntegratedGpu, driver: "AMD proprietary driver", driver_info: "25.8.1 (AMD proprietary shader compiler)", backend: Vulkan }, present Fifo, latency 1)
[2026-09-15T01:05:16Z INFO  picoview] [  1607.2ms] Resized 1904x984
[2026-09-15T01:05:16Z INFO  picoview] [  1607.3ms] Resized 960x640
[2026-09-15T01:05:16Z INFO  picoview] [  1607.3ms] Resized 960x640
[2026-09-15T01:05:16Z INFO  picoview] [  1607.5ms] RedrawRequested
[2026-09-15T01:05:16Z INFO  picoview] current item: generation=1 handle=Some(0) path=C:/Users/fred1/source/PicoView/test-media/real-screenshot.jpg
[2026-09-15T01:05:16Z INFO  picoview] [  1720.6ms] runtime booted (pak fed, guest mounted, source eval'd, current item opened)
[2026-09-15T01:05:16Z INFO  picoview] [  1732.9ms] render submit (tick 1)
[2026-09-15T01:05:16Z INFO  picoview] [  1733.1ms] frame ready from worker (tick 1), requesting redraw
[2026-09-15T01:05:16Z INFO  picoview] [  1733.2ms] RedrawRequested
[2026-09-15T01:05:16Z INFO  picoview] [  1733.2ms] present begin (frame tick 1)
[2026-09-15T01:05:16Z INFO  picoview] [  1741.4ms] swapchain present submitted
[2026-09-15T01:05:16Z INFO  picoview] [  1741.4ms] present end (frame tick 1, submitted true)
[2026-09-15T01:05:16Z INFO  picoview] [  1782.2ms] RedrawRequested
[2026-09-15T01:05:16Z INFO  picoview] [  1782.3ms] present begin (frame tick 1)
[2026-09-15T01:05:16Z INFO  picoview] [  1782.9ms] swapchain present submitted
[2026-09-15T01:05:16Z INFO  picoview] [  1783.0ms] present end (frame tick 1, submitted true)
