[2026-09-15T01:55:41Z INFO  picoview] [     0.0ms] process start
[2026-09-15T01:55:41Z INFO  picoview] [    47.8ms] window created
[2026-09-15T01:55:42Z INFO  pocket3d::gpu] adapter: "AMD Radeon(TM) Graphics" (IntegratedGpu, requested LowPower)
[2026-09-15T01:55:42Z INFO  picoview::gpu] PicoView GPU: Vulkan / AMD Radeon(TM) Graphics / Bgra8Unorm
[2026-09-15T01:55:42Z INFO  picoview] [   583.2ms] surface created+configured 960x640 (AdapterInfo { name: "AMD Radeon(TM) Graphics", vendor: 4098, device: 5688, device_type: IntegratedGpu, driver: "AMD proprietary driver", driver_info: "25.8.1 (AMD proprietary shader compiler)", backend: Vulkan }, present Fifo, latency 1)
[2026-09-15T01:55:42Z INFO  picoview] [   583.3ms] attention: focused -> re-present retained frame
[2026-09-15T01:55:42Z INFO  picoview] [   583.7ms] Resized 1904x984
[2026-09-15T01:55:42Z INFO  picoview] [   583.7ms] Resized 960x640
[2026-09-15T01:55:42Z INFO  picoview] [   583.8ms] Resized 960x640
[2026-09-15T01:55:42Z INFO  picoview] [   583.9ms] RedrawRequested
[2026-09-15T01:55:42Z INFO  picoview] current item: generation=1 handle=Some(0) path=test-media/real-screenshot.jpg
[2026-09-15T01:55:42Z INFO  picoview] [   646.6ms] runtime booted (pak fed, guest mounted, source eval'd, current item opened)
[2026-09-15T01:55:42Z INFO  picoview] [   653.8ms] render submit (tick 1)
[2026-09-15T01:55:42Z INFO  picoview] [   653.9ms] frame ready from worker (tick 1), requesting redraw
[2026-09-15T01:55:42Z INFO  picoview] [   653.9ms] RedrawRequested
[2026-09-15T01:55:42Z INFO  picoview] [   653.9ms] present begin (frame tick 1)
[2026-09-15T01:55:42Z INFO  picoview] [   658.1ms] swapchain present submitted
[2026-09-15T01:55:42Z INFO  picoview] [   658.1ms] present end (frame tick 1, submitted true)
[2026-09-15T01:55:46Z INFO  picoview] [  5095.5ms] RedrawRequested
[2026-09-15T01:55:46Z INFO  picoview] [  5095.6ms] present begin (frame tick 1)
[2026-09-15T01:55:46Z INFO  picoview] [  5096.6ms] swapchain present submitted
[2026-09-15T01:55:46Z INFO  picoview] [  5096.6ms] present end (frame tick 1, submitted true)
[2026-09-15T01:55:47Z INFO  picoview] [  5384.7ms] Resized 1084x761
[2026-09-15T01:55:47Z INFO  picoview] [  5384.8ms] RedrawRequested
[2026-09-15T01:55:47Z INFO  picoview] [  5384.9ms] present begin (frame tick 1)
[2026-09-15T01:55:47Z INFO  picoview] [  5384.9ms] surface reconfigure 960x640 -> 1084x761
[2026-09-15T01:55:47Z INFO  picoview] [  5397.5ms] swapchain present submitted
[2026-09-15T01:55:47Z INFO  picoview] [  5397.6ms] present end (frame tick 1, submitted true)
[2026-09-15T01:55:47Z INFO  picoview] [  5401.9ms] render submit (tick 286)
[2026-09-15T01:55:47Z INFO  picoview] [  5402.0ms] frame ready from worker (tick 286), requesting redraw
[2026-09-15T01:55:47Z INFO  picoview] [  5402.1ms] RedrawRequested
[2026-09-15T01:55:47Z INFO  picoview] [  5402.1ms] present begin (frame tick 286)
[2026-09-15T01:55:47Z INFO  picoview] [  5403.5ms] swapchain present submitted
[2026-09-15T01:55:47Z INFO  picoview] [  5403.6ms] present end (frame tick 286, submitted true)
[2026-09-15T01:55:48Z INFO  picoview] [  6385.5ms] RedrawRequested
[2026-09-15T01:55:48Z INFO  picoview] [  6385.6ms] present begin (frame tick 286)
[2026-09-15T01:55:48Z INFO  picoview] [  6386.1ms] swapchain present submitted
[2026-09-15T01:55:48Z INFO  picoview] [  6386.1ms] present end (frame tick 286, submitted true)
[2026-09-15T01:57:37Z INFO  picoview] [116163.2ms] RedrawRequested
[2026-09-15T01:57:37Z INFO  picoview] [116163.3ms] present begin (frame tick 286)
[2026-09-15T01:57:37Z INFO  picoview] [116163.7ms] swapchain present submitted
[2026-09-15T01:57:37Z INFO  picoview] [116163.7ms] present end (frame tick 286, submitted true)
