[2026-09-15T01:01:50Z INFO  picoview] [     0.0ms] process start
[2026-09-15T01:01:50Z INFO  picoview] [     5.2ms] heal DISABLED (PICOVIEW_HEAL=0)
[2026-09-15T01:01:50Z INFO  picoview] [    61.9ms] window created
[2026-09-15T01:01:50Z INFO  pocket3d::gpu] adapter: "AMD Radeon(TM) Graphics" (IntegratedGpu, requested LowPower)
[2026-09-15T01:01:50Z INFO  picoview::gpu] PicoView GPU: Vulkan / AMD Radeon(TM) Graphics / Bgra8Unorm
[2026-09-15T01:01:50Z INFO  picoview] [   647.9ms] surface created+configured 960x640 (AdapterInfo { name: "AMD Radeon(TM) Graphics", vendor: 4098, device: 5688, device_type: IntegratedGpu, driver: "AMD proprietary driver", driver_info: "25.8.1 (AMD proprietary shader compiler)", backend: Vulkan }, present Fifo, latency 1)
[2026-09-15T01:01:50Z INFO  picoview] [   648.2ms] Resized 1904x984
[2026-09-15T01:01:50Z INFO  picoview] [   648.2ms] Resized 960x640
[2026-09-15T01:01:50Z INFO  picoview] [   648.3ms] Resized 960x640
[2026-09-15T01:01:50Z INFO  picoview] [   648.4ms] RedrawRequested
[2026-09-15T01:01:50Z INFO  picoview] current item: generation=1 handle=Some(0) path=C:/Users/fred1/source/PicoView/test-media/real-screenshot.jpg
[2026-09-15T01:01:50Z INFO  picoview] [   724.9ms] runtime booted (pak fed, guest mounted, source eval'd, current item opened)
[2026-09-15T01:01:50Z INFO  picoview] [   734.2ms] render submit (tick 1)
[2026-09-15T01:01:50Z INFO  picoview] [   734.3ms] frame ready from worker (tick 1), requesting redraw
[2026-09-15T01:01:50Z INFO  picoview] [   734.4ms] RedrawRequested
[2026-09-15T01:01:50Z INFO  picoview] [   734.4ms] present begin (frame tick 1)
[2026-09-15T01:01:50Z INFO  picoview] [   739.3ms] swapchain present submitted
[2026-09-15T01:01:50Z INFO  picoview] [   739.3ms] present end (frame tick 1, submitted true)
[2026-09-15T01:01:50Z INFO  picoview] [   783.8ms] RedrawRequested
[2026-09-15T01:01:50Z INFO  picoview] [   783.8ms] present begin (frame tick 1)
[2026-09-15T01:01:50Z INFO  picoview] [   784.9ms] swapchain present submitted
[2026-09-15T01:01:50Z INFO  picoview] [   784.9ms] present end (frame tick 1, submitted true)
