[2026-09-15T01:04:08Z INFO  picoview] [     0.0ms] process start
[2026-09-15T01:04:08Z INFO  picoview] [     5.8ms] heal DISABLED (PICOVIEW_HEAL=0)
[2026-09-15T01:04:08Z INFO  picoview] [    54.2ms] window created
[2026-09-15T01:04:08Z INFO  pocket3d::gpu] adapter: "AMD Radeon(TM) Graphics" (IntegratedGpu, requested LowPower)
[2026-09-15T01:04:08Z INFO  picoview::gpu] PicoView GPU: Vulkan / AMD Radeon(TM) Graphics / Bgra8Unorm
[2026-09-15T01:04:08Z INFO  picoview] [   666.8ms] surface created+configured 960x640 (AdapterInfo { name: "AMD Radeon(TM) Graphics", vendor: 4098, device: 5688, device_type: IntegratedGpu, driver: "AMD proprietary driver", driver_info: "25.8.1 (AMD proprietary shader compiler)", backend: Vulkan }, present Fifo, latency 1)
[2026-09-15T01:04:08Z INFO  picoview] [   666.9ms] Resized 1904x984
[2026-09-15T01:04:08Z INFO  picoview] [   666.9ms] Resized 960x640
[2026-09-15T01:04:08Z INFO  picoview] [   666.9ms] Resized 960x640
[2026-09-15T01:04:08Z INFO  picoview] [   667.1ms] RedrawRequested
[2026-09-15T01:04:09Z INFO  picoview] current item: generation=1 handle=Some(0) path=C:/Users/fred1/source/PicoView/test-media/real-screenshot.jpg
[2026-09-15T01:04:09Z INFO  picoview] [   745.7ms] runtime booted (pak fed, guest mounted, source eval'd, current item opened)
[2026-09-15T01:04:09Z INFO  picoview] [   754.5ms] render submit (tick 1)
[2026-09-15T01:04:09Z INFO  picoview] [   754.6ms] frame ready from worker (tick 1), requesting redraw
[2026-09-15T01:04:09Z INFO  picoview] [   754.6ms] RedrawRequested
[2026-09-15T01:04:09Z INFO  picoview] [   754.6ms] present begin (frame tick 1)
[2026-09-15T01:04:09Z INFO  picoview] [   759.3ms] swapchain present submitted
[2026-09-15T01:04:09Z INFO  picoview] [   759.4ms] present end (frame tick 1, submitted true)
[2026-09-15T01:04:09Z INFO  picoview] [   806.1ms] RedrawRequested
[2026-09-15T01:04:09Z INFO  picoview] [   806.2ms] present begin (frame tick 1)
[2026-09-15T01:04:09Z INFO  picoview] [   807.2ms] swapchain present submitted
[2026-09-15T01:04:09Z INFO  picoview] [   807.3ms] present end (frame tick 1, submitted true)
