[2026-09-15T01:28:14Z INFO  picoview] [     0.0ms] process start
[2026-09-15T01:28:14Z INFO  picoview] [    58.2ms] window created
[2026-09-15T01:28:14Z INFO  pocket3d::gpu] adapter: "AMD Radeon(TM) Graphics" (IntegratedGpu, requested LowPower)
[2026-09-15T01:28:14Z INFO  picoview::gpu] PicoView GPU: Vulkan / AMD Radeon(TM) Graphics / Bgra8Unorm
[2026-09-15T01:28:14Z INFO  picoview] [   591.9ms] surface created+configured 960x640 (AdapterInfo { name: "AMD Radeon(TM) Graphics", vendor: 4098, device: 5688, device_type: IntegratedGpu, driver: "AMD proprietary driver", driver_info: "25.8.1 (AMD proprietary shader compiler)", backend: Vulkan }, present Fifo, latency 1)
[2026-09-15T01:28:14Z INFO  picoview] [   592.0ms] attention: focused -> re-present retained frame
[2026-09-15T01:28:14Z INFO  picoview] [   592.6ms] Resized 1904x984
[2026-09-15T01:28:14Z INFO  picoview] [   592.6ms] Resized 960x640
[2026-09-15T01:28:14Z INFO  picoview] [   592.6ms] Resized 960x640
[2026-09-15T01:28:14Z INFO  picoview] [   592.8ms] RedrawRequested
[2026-09-15T01:28:14Z INFO  picoview] current item: generation=1 handle=Some(0) path=C:/Users/fred1/source/PicoView/test-media/real-screenshot.jpg
[2026-09-15T01:28:14Z INFO  picoview] [   665.8ms] runtime booted (pak fed, guest mounted, source eval'd, current item opened)
[2026-09-15T01:28:14Z INFO  picoview] [   672.6ms] render submit (tick 1)
[2026-09-15T01:28:14Z INFO  picoview] [   672.7ms] frame ready from worker (tick 1), requesting redraw
[2026-09-15T01:28:14Z INFO  picoview] [   672.8ms] RedrawRequested
[2026-09-15T01:28:14Z INFO  picoview] [   672.8ms] present begin (frame tick 1)
[2026-09-15T01:28:14Z INFO  picoview] [   677.8ms] swapchain present submitted
[2026-09-15T01:28:14Z INFO  picoview] [   677.8ms] present end (frame tick 1, submitted true)
[2026-09-15T01:28:14Z INFO  picoview] [   711.4ms] RedrawRequested
[2026-09-15T01:28:14Z INFO  picoview] [   711.5ms] present begin (frame tick 1)
[2026-09-15T01:28:14Z INFO  picoview] [   712.5ms] swapchain present submitted
[2026-09-15T01:28:14Z INFO  picoview] [   712.5ms] present end (frame tick 1, submitted true)
[2026-09-15T01:28:15Z INFO  picoview] [  1272.7ms] Resized 0x0
[2026-09-15T01:28:15Z INFO  picoview] [  1273.1ms] RedrawRequested
[2026-09-15T01:28:15Z INFO  picoview] [  1273.2ms] present begin (frame tick 1)
[2026-09-15T01:28:15Z INFO  picoview] [  1273.2ms] present end (frame tick 1, submitted false)
[2026-09-15T01:28:15Z INFO  picoview] [  1286.4ms] render submit (tick 38)
[2026-09-15T01:28:15Z INFO  picoview] [  1286.6ms] frame ready from worker (tick 38), requesting redraw
[2026-09-15T01:28:15Z INFO  picoview] [  1286.7ms] RedrawRequested
[2026-09-15T01:28:15Z INFO  picoview] [  1286.8ms] present begin (frame tick 38)
[2026-09-15T01:28:15Z INFO  picoview] [  1286.8ms] present end (frame tick 38, submitted false)
[2026-09-15T01:28:15Z INFO  picoview] [  1873.8ms] RedrawRequested
[2026-09-15T01:28:15Z INFO  picoview] [  1873.9ms] present begin (frame tick 38)
[2026-09-15T01:28:15Z INFO  picoview] [  1873.9ms] present end (frame tick 38, submitted false)
[2026-09-15T01:28:15Z INFO  picoview] [  1883.9ms] RedrawRequested
[2026-09-15T01:28:15Z INFO  picoview] [  1883.9ms] present begin (frame tick 38)
[2026-09-15T01:28:15Z INFO  picoview] [  1884.8ms] swapchain present submitted
[2026-09-15T01:28:15Z INFO  picoview] [  1884.8ms] present end (frame tick 38, submitted true)
[2026-09-15T01:28:15Z INFO  picoview] [  1885.0ms] Resized 960x640
[2026-09-15T01:28:15Z INFO  picoview] [  1885.2ms] RedrawRequested
[2026-09-15T01:28:15Z INFO  picoview] [  1885.2ms] present begin (frame tick 38)
[2026-09-15T01:28:15Z INFO  picoview] [  1885.7ms] swapchain present submitted
[2026-09-15T01:28:15Z INFO  picoview] [  1885.8ms] present end (frame tick 38, submitted true)
[2026-09-15T01:28:16Z INFO  picoview] [  1904.1ms] render submit (tick 75)
[2026-09-15T01:28:16Z INFO  picoview] [  1904.2ms] frame ready from worker (tick 75), requesting redraw
[2026-09-15T01:28:16Z INFO  picoview] [  1904.3ms] RedrawRequested
[2026-09-15T01:28:16Z INFO  picoview] [  1904.3ms] present begin (frame tick 75)
[2026-09-15T01:28:16Z INFO  picoview] [  1905.5ms] swapchain present submitted
[2026-09-15T01:28:16Z INFO  picoview] [  1905.5ms] present end (frame tick 75, submitted true)
[2026-09-15T01:28:16Z INFO  picoview] [  2688.9ms] RedrawRequested
[2026-09-15T01:28:16Z INFO  picoview] [  2689.0ms] present begin (frame tick 75)
[2026-09-15T01:28:16Z INFO  picoview] [  2689.4ms] swapchain present submitted
[2026-09-15T01:28:16Z INFO  picoview] [  2689.4ms] present end (frame tick 75, submitted true)
