[2026-09-15T00:56:24Z INFO  picoview] [     0.0ms] process start
[2026-09-15T00:56:24Z INFO  picoview] [     5.6ms] heal DISABLED (PICOVIEW_HEAL=0)
[2026-09-15T00:56:24Z INFO  picoview] [    51.0ms] window created
[2026-09-15T00:56:24Z INFO  pocket3d::gpu] adapter: "AMD Radeon(TM) Graphics" (IntegratedGpu, requested LowPower)
[2026-09-15T00:56:24Z INFO  picoview::gpu] PicoView GPU: Vulkan / AMD Radeon(TM) Graphics / Bgra8Unorm
[2026-09-15T00:56:24Z INFO  picoview] [   657.4ms] surface created+configured 960x640 (AdapterInfo { name: "AMD Radeon(TM) Graphics", vendor: 4098, device: 5688, device_type: IntegratedGpu, driver: "AMD proprietary driver", driver_info: "25.8.1 (AMD proprietary shader compiler)", backend: Vulkan }, present Fifo, latency 1)
[2026-09-15T00:56:24Z INFO  picoview] [   658.0ms] Resized 1904x984
[2026-09-15T00:56:24Z INFO  picoview] [   658.1ms] Resized 960x640
[2026-09-15T00:56:24Z INFO  picoview] [   658.1ms] Resized 960x640
[2026-09-15T00:56:24Z INFO  picoview] [   658.6ms] RedrawRequested
[2026-09-15T00:56:24Z INFO  picoview] current item: generation=1 handle=Some(0) path=test-media/real-screenshot.jpg
[2026-09-15T00:56:24Z INFO  picoview] [   734.2ms] runtime booted (pak fed, guest mounted, source eval'd, current item opened)
[2026-09-15T00:56:24Z INFO  picoview] [   742.8ms] render submit (tick 1)
[2026-09-15T00:56:24Z INFO  picoview] [   743.0ms] frame ready from worker (tick 1), requesting redraw
[2026-09-15T00:56:24Z INFO  picoview] [   743.0ms] RedrawRequested
[2026-09-15T00:56:24Z INFO  picoview] [   743.0ms] present begin (frame tick 1)
[2026-09-15T00:56:24Z INFO  picoview] [   749.0ms] swapchain present submitted
[2026-09-15T00:56:24Z INFO  picoview] [   749.0ms] present end (frame tick 1, submitted true)
[2026-09-15T00:56:24Z INFO  picoview] [   797.6ms] RedrawRequested
[2026-09-15T00:56:24Z INFO  picoview] [   797.7ms] present begin (frame tick 1)
[2026-09-15T00:56:24Z INFO  picoview] [   798.7ms] swapchain present submitted
[2026-09-15T00:56:24Z INFO  picoview] [   798.7ms] present end (frame tick 1, submitted true)
