[2026-09-15T00:56:19Z INFO  picoview] [     0.0ms] process start
[2026-09-15T00:56:19Z INFO  picoview] [     5.0ms] heal DISABLED (PICOVIEW_HEAL=0)
[2026-09-15T00:56:19Z INFO  picoview] [    56.3ms] window created
[2026-09-15T00:56:20Z INFO  pocket3d::gpu] adapter: "AMD Radeon(TM) Graphics" (IntegratedGpu, requested LowPower)
[2026-09-15T00:56:20Z INFO  picoview::gpu] PicoView GPU: Vulkan / AMD Radeon(TM) Graphics / Bgra8Unorm
[2026-09-15T00:56:20Z INFO  picoview] [   660.4ms] surface created+configured 960x640 (AdapterInfo { name: "AMD Radeon(TM) Graphics", vendor: 4098, device: 5688, device_type: IntegratedGpu, driver: "AMD proprietary driver", driver_info: "25.8.1 (AMD proprietary shader compiler)", backend: Vulkan }, present Fifo, latency 1)
[2026-09-15T00:56:20Z INFO  picoview] [   660.6ms] Resized 1904x984
[2026-09-15T00:56:20Z INFO  picoview] [   660.7ms] Resized 960x640
[2026-09-15T00:56:20Z INFO  picoview] [   660.7ms] Resized 960x640
[2026-09-15T00:56:20Z INFO  picoview] [   661.3ms] RedrawRequested
[2026-09-15T00:56:20Z INFO  picoview] current item: generation=1 handle=Some(0) path=test-media/real-screenshot.jpg
[2026-09-15T00:56:20Z INFO  picoview] [   750.9ms] runtime booted (pak fed, guest mounted, source eval'd, current item opened)
[2026-09-15T00:56:20Z INFO  picoview] [   762.9ms] render submit (tick 1)
[2026-09-15T00:56:20Z INFO  picoview] [   763.1ms] frame ready from worker (tick 1), requesting redraw
[2026-09-15T00:56:20Z INFO  picoview] [   763.1ms] RedrawRequested
[2026-09-15T00:56:20Z INFO  picoview] [   763.1ms] present begin (frame tick 1)
[2026-09-15T00:56:20Z INFO  picoview] [   769.2ms] swapchain present submitted
[2026-09-15T00:56:20Z INFO  picoview] [   769.3ms] present end (frame tick 1, submitted true)
[2026-09-15T00:56:20Z INFO  picoview] [   819.2ms] RedrawRequested
[2026-09-15T00:56:20Z INFO  picoview] [   819.2ms] present begin (frame tick 1)
[2026-09-15T00:56:20Z INFO  picoview] [   820.3ms] swapchain present submitted
[2026-09-15T00:56:20Z INFO  picoview] [   820.3ms] present end (frame tick 1, submitted true)
