[2026-09-15T00:56:15Z INFO  picoview] [     0.0ms] process start
[2026-09-15T00:56:15Z INFO  picoview] [     6.0ms] heal DISABLED (PICOVIEW_HEAL=0)
[2026-09-15T00:56:15Z INFO  picoview] [    53.9ms] window created
[2026-09-15T00:56:16Z INFO  pocket3d::gpu] adapter: "AMD Radeon(TM) Graphics" (IntegratedGpu, requested LowPower)
[2026-09-15T00:56:16Z INFO  picoview::gpu] PicoView GPU: Vulkan / AMD Radeon(TM) Graphics / Bgra8Unorm
[2026-09-15T00:56:16Z INFO  picoview] [   672.7ms] surface created+configured 960x640 (AdapterInfo { name: "AMD Radeon(TM) Graphics", vendor: 4098, device: 5688, device_type: IntegratedGpu, driver: "AMD proprietary driver", driver_info: "25.8.1 (AMD proprietary shader compiler)", backend: Vulkan }, present Fifo, latency 1)
[2026-09-15T00:56:16Z INFO  picoview] [   673.1ms] Resized 1904x984
[2026-09-15T00:56:16Z INFO  picoview] [   673.2ms] Resized 960x640
[2026-09-15T00:56:16Z INFO  picoview] [   673.2ms] Resized 960x640
[2026-09-15T00:56:16Z INFO  picoview] [   673.7ms] RedrawRequested
[2026-09-15T00:56:16Z INFO  picoview] current item: generation=1 handle=Some(0) path=test-media/real-screenshot.jpg
[2026-09-15T00:56:16Z INFO  picoview] [   760.4ms] runtime booted (pak fed, guest mounted, source eval'd, current item opened)
[2026-09-15T00:56:16Z INFO  picoview] [   770.5ms] render submit (tick 1)
[2026-09-15T00:56:16Z INFO  picoview] [   770.7ms] frame ready from worker (tick 1), requesting redraw
[2026-09-15T00:56:16Z INFO  picoview] [   770.7ms] RedrawRequested
[2026-09-15T00:56:16Z INFO  picoview] [   770.7ms] present begin (frame tick 1)
[2026-09-15T00:56:16Z INFO  picoview] [   775.9ms] swapchain present submitted
[2026-09-15T00:56:16Z INFO  picoview] [   775.9ms] present end (frame tick 1, submitted true)
[2026-09-15T00:56:16Z INFO  picoview] [   825.7ms] RedrawRequested
[2026-09-15T00:56:16Z INFO  picoview] [   825.7ms] present begin (frame tick 1)
[2026-09-15T00:56:16Z INFO  picoview] [   826.9ms] swapchain present submitted
[2026-09-15T00:56:16Z INFO  picoview] [   826.9ms] present end (frame tick 1, submitted true)
