[2026-09-15T00:56:13Z INFO  picoview] [     0.0ms] process start
[2026-09-15T00:56:13Z INFO  picoview] [     4.9ms] heal DISABLED (PICOVIEW_HEAL=0)
[2026-09-15T00:56:13Z INFO  picoview] [    55.2ms] window created
[2026-09-15T00:56:14Z INFO  pocket3d::gpu] adapter: "AMD Radeon(TM) Graphics" (IntegratedGpu, requested LowPower)
[2026-09-15T00:56:14Z INFO  picoview::gpu] PicoView GPU: Vulkan / AMD Radeon(TM) Graphics / Bgra8Unorm
[2026-09-15T00:56:14Z INFO  picoview] [   678.6ms] surface created+configured 960x640 (AdapterInfo { name: "AMD Radeon(TM) Graphics", vendor: 4098, device: 5688, device_type: IntegratedGpu, driver: "AMD proprietary driver", driver_info: "25.8.1 (AMD proprietary shader compiler)", backend: Vulkan }, present Fifo, latency 1)
[2026-09-15T00:56:14Z INFO  picoview] [   678.9ms] Resized 1904x984
[2026-09-15T00:56:14Z INFO  picoview] [   679.0ms] Resized 960x640
[2026-09-15T00:56:14Z INFO  picoview] [   679.0ms] Resized 960x640
[2026-09-15T00:56:14Z INFO  picoview] [   679.8ms] RedrawRequested
[2026-09-15T00:56:14Z INFO  picoview] current item: generation=1 handle=Some(0) path=test-media/real-screenshot.jpg
[2026-09-15T00:56:14Z INFO  picoview] [   757.2ms] runtime booted (pak fed, guest mounted, source eval'd, current item opened)
[2026-09-15T00:56:14Z INFO  picoview] [   765.0ms] render submit (tick 1)
[2026-09-15T00:56:14Z INFO  picoview] [   765.1ms] frame ready from worker (tick 1), requesting redraw
[2026-09-15T00:56:14Z INFO  picoview] [   765.2ms] RedrawRequested
[2026-09-15T00:56:14Z INFO  picoview] [   765.2ms] present begin (frame tick 1)
[2026-09-15T00:56:14Z INFO  picoview] [   770.3ms] swapchain present submitted
[2026-09-15T00:56:14Z INFO  picoview] [   770.4ms] present end (frame tick 1, submitted true)
[2026-09-15T00:56:14Z INFO  picoview] [   816.3ms] RedrawRequested
[2026-09-15T00:56:14Z INFO  picoview] [   816.3ms] present begin (frame tick 1)
[2026-09-15T00:56:14Z INFO  picoview] [   817.6ms] swapchain present submitted
[2026-09-15T00:56:14Z INFO  picoview] [   817.6ms] present end (frame tick 1, submitted true)
