NORMTRACE,run=47,thread=main,event=E00_MAIN_ENTRY,us=45
NORMTRACE,run=47,thread=main,event=E10_EVENT_LOOP_BEGIN,us=6062
NORMTRACE,run=47,thread=main,event=E11_EVENT_LOOP_READY,us=32644
NORMTRACE,run=47,thread=main,event=E20_WINDOW_CREATE_BEGIN,us=38481
NORMTRACE,run=47,thread=pocket-gpu-instance,event=E30_GPU_INSTANCE_BEGIN,us=32758
NORMTRACE,run=47,thread=main,event=E21_WINDOW_CREATE_END,us=106088
NORMTRACE,run=47,thread=pocket-runtime,event=E80_RUNTIME_THREAD_BEGIN,us=112645
NORMTRACE,run=47,thread=pocket-runtime,event=E81_ASSET_READ_BEGIN,us=118724
NORMTRACE,run=47,thread=pocket-gpu-instance,event=E31_GPU_INSTANCE_END,us=121296
NORMTRACE,run=47,thread=pocket-runtime,event=E82_ASSET_READ_END,us=126110
NORMTRACE,run=47,thread=pocket-runtime,event=E83_UI_SURFACE_BEGIN,us=136819
NORMTRACE,run=47,thread=main,event=E40_SURFACE_CREATE_BEGIN,us=130722
NORMTRACE,run=47,thread=pocket-runtime,event=E84_UI_SURFACE_END,us=138629
NORMTRACE,run=47,thread=main,event=E41_SURFACE_CREATE_END,us=139674
NORMTRACE,run=47,thread=pocket-runtime,event=E85_QUICKJS_BEGIN,us=140906
NORMTRACE,run=47,thread=main,event=E50_ADAPTER_BEGIN,us=141684
NORMTRACE,run=47,thread=pocket-runtime,event=E86_QUICKJS_END,us=143095
NORMTRACE,run=47,thread=pocket-runtime,event=E87_GUEST_EVAL_BEGIN,us=144963
[2026-09-13T15:46:33Z ERROR wgpu_hal::vulkan::adapter] get_physical_device_surface_capabilities: An unknown error has occurred, due to an implementation or application bug

thread 'main' (22176) panicked at src\main.rs:1118:38:
called `Option::unwrap()` on a `None` value
note: run with `RUST_BACKTRACE=1` environment variable to display a backtrace
Error: GPU initialization: no compatible GPU adapter: No suitable graphics adapter found; noop not requested, vulkan not compatible with provided surface, metal not requested, dx12 not requested, gl not requested, webgpu not requested
WALL_SPAWN_EXIT_MS=317,exitcode=
