NORMTRACE,run=33,thread=main,event=E00_MAIN_ENTRY,us=54
NORMTRACE,run=33,thread=main,event=E10_EVENT_LOOP_BEGIN,us=6296
NORMTRACE,run=33,thread=main,event=E11_EVENT_LOOP_READY,us=33686
NORMTRACE,run=33,thread=main,event=E20_WINDOW_CREATE_BEGIN,us=39215
NORMTRACE,run=33,thread=pocket-gpu-instance,event=E30_GPU_INSTANCE_BEGIN,us=33815
NORMTRACE,run=33,thread=main,event=E21_WINDOW_CREATE_END,us=120500
NORMTRACE,run=33,thread=pocket-runtime,event=E80_RUNTIME_THREAD_BEGIN,us=125962
NORMTRACE,run=33,thread=pocket-runtime,event=E81_ASSET_READ_BEGIN,us=131568
NORMTRACE,run=33,thread=pocket-gpu-instance,event=E31_GPU_INSTANCE_END,us=127975
NORMTRACE,run=33,thread=pocket-runtime,event=E82_ASSET_READ_END,us=138934
NORMTRACE,run=33,thread=pocket-runtime,event=E83_UI_SURFACE_BEGIN,us=148269
NORMTRACE,run=33,thread=main,event=E40_SURFACE_CREATE_BEGIN,us=142561
NORMTRACE,run=33,thread=pocket-runtime,event=E84_UI_SURFACE_END,us=149883
NORMTRACE,run=33,thread=main,event=E41_SURFACE_CREATE_END,us=151208
NORMTRACE,run=33,thread=pocket-runtime,event=E85_QUICKJS_BEGIN,us=152798
NORMTRACE,run=33,thread=main,event=E50_ADAPTER_BEGIN,us=153696
NORMTRACE,run=33,thread=pocket-runtime,event=E86_QUICKJS_END,us=155147
NORMTRACE,run=33,thread=pocket-runtime,event=E87_GUEST_EVAL_BEGIN,us=157276
[2026-09-13T15:46:21Z ERROR wgpu_hal::vulkan::adapter] get_physical_device_surface_capabilities: An unknown error has occurred, due to an implementation or application bug

thread 'main' (9588) panicked at src\main.rs:1118:38:
called `Option::unwrap()` on a `None` value
note: run with `RUST_BACKTRACE=1` environment variable to display a backtrace
Error: GPU initialization: no compatible GPU adapter: No suitable graphics adapter found; noop not requested, vulkan not compatible with provided surface, metal not requested, dx12 not requested, gl not requested, webgpu not requested
WALL_SPAWN_EXIT_MS=349,exitcode=
