NORMTRACE,run=11,thread=main,event=E00_MAIN_ENTRY,us=45
NORMTRACE,run=11,thread=main,event=E10_EVENT_LOOP_BEGIN,us=6444
NORMTRACE,run=11,thread=main,event=E11_EVENT_LOOP_READY,us=32352
NORMTRACE,run=11,thread=pocket-gpu-instance,event=E30_GPU_INSTANCE_BEGIN,us=32472
NORMTRACE,run=11,thread=main,event=E20_WINDOW_CREATE_BEGIN,us=37848
NORMTRACE,run=11,thread=main,event=E21_WINDOW_CREATE_END,us=122683
NORMTRACE,run=11,thread=pocket-runtime,event=E80_RUNTIME_THREAD_BEGIN,us=128830
NORMTRACE,run=11,thread=pocket-runtime,event=E81_ASSET_READ_BEGIN,us=134381
NORMTRACE,run=11,thread=pocket-gpu-instance,event=E31_GPU_INSTANCE_END,us=130519
NORMTRACE,run=11,thread=pocket-runtime,event=E82_ASSET_READ_END,us=141351
NORMTRACE,run=11,thread=pocket-runtime,event=E83_UI_SURFACE_BEGIN,us=151314
NORMTRACE,run=11,thread=main,event=E40_SURFACE_CREATE_BEGIN,us=145647
NORMTRACE,run=11,thread=pocket-runtime,event=E84_UI_SURFACE_END,us=152959
NORMTRACE,run=11,thread=main,event=E41_SURFACE_CREATE_END,us=154318
NORMTRACE,run=11,thread=pocket-runtime,event=E85_QUICKJS_BEGIN,us=155436
NORMTRACE,run=11,thread=main,event=E50_ADAPTER_BEGIN,us=156311
NORMTRACE,run=11,thread=pocket-runtime,event=E86_QUICKJS_END,us=157701
NORMTRACE,run=11,thread=pocket-runtime,event=E87_GUEST_EVAL_BEGIN,us=159639
[2026-09-13T15:46:03Z ERROR wgpu_hal::vulkan::adapter] get_physical_device_surface_capabilities: An unknown error has occurred, due to an implementation or application bug

thread 'main' (17144) panicked at src\main.rs:1118:38:
called `Option::unwrap()` on a `None` value
note: run with `RUST_BACKTRACE=1` environment variable to display a backtrace
Error: GPU initialization: no compatible GPU adapter: No suitable graphics adapter found; noop not requested, vulkan not compatible with provided surface, metal not requested, dx12 not requested, gl not requested, webgpu not requested
WALL_SPAWN_EXIT_MS=333,exitcode=
