NORMTRACE,run=29,thread=main,event=E00_MAIN_ENTRY,us=48
NORMTRACE,run=29,thread=main,event=E10_EVENT_LOOP_BEGIN,us=5351
NORMTRACE,run=29,thread=main,event=E11_EVENT_LOOP_READY,us=30473
NORMTRACE,run=29,thread=pocket-gpu-instance,event=E30_GPU_INSTANCE_BEGIN,us=30678
NORMTRACE,run=29,thread=main,event=E20_WINDOW_CREATE_BEGIN,us=36351
NORMTRACE,run=29,thread=main,event=E21_WINDOW_CREATE_END,us=123219
NORMTRACE,run=29,thread=pocket-gpu-instance,event=E31_GPU_INSTANCE_END,us=128983
NORMTRACE,run=29,thread=pocket-runtime,event=E80_RUNTIME_THREAD_BEGIN,us=129109
NORMTRACE,run=29,thread=main,event=E40_SURFACE_CREATE_BEGIN,us=134396
NORMTRACE,run=29,thread=pocket-runtime,event=E81_ASSET_READ_BEGIN,us=139919
NORMTRACE,run=29,thread=main,event=E41_SURFACE_CREATE_END,us=145438
NORMTRACE,run=29,thread=pocket-runtime,event=E82_ASSET_READ_END,us=152041
NORMTRACE,run=29,thread=pocket-runtime,event=E83_UI_SURFACE_BEGIN,us=153725
NORMTRACE,run=29,thread=main,event=E50_ADAPTER_BEGIN,us=152818
NORMTRACE,run=29,thread=pocket-runtime,event=E84_UI_SURFACE_END,us=154678
NORMTRACE,run=29,thread=pocket-runtime,event=E85_QUICKJS_BEGIN,us=156820
[2026-09-13T15:46:18Z ERROR wgpu_hal::vulkan::adapter] get_physical_device_surface_capabilities: An unknown error has occurred, due to an implementation or application bug
NORMTRACE,run=29,thread=pocket-runtime,event=E86_QUICKJS_END,us=158101
NORMTRACE,run=29,thread=pocket-runtime,event=E87_GUEST_EVAL_BEGIN,us=159344

thread 'main' (30200) panicked at src\main.rs:1118:38:
called `Option::unwrap()` on a `None` value
note: run with `RUST_BACKTRACE=1` environment variable to display a backtrace
Error: GPU initialization: no compatible GPU adapter: No suitable graphics adapter found; noop not requested, vulkan not compatible with provided surface, metal not requested, dx12 not requested, gl not requested, webgpu not requested
WALL_SPAWN_EXIT_MS=317,exitcode=
