NORMTRACE,run=16,thread=main,event=E00_MAIN_ENTRY,us=47
NORMTRACE,run=16,thread=main,event=E10_EVENT_LOOP_BEGIN,us=5917
NORMTRACE,run=16,thread=main,event=E11_EVENT_LOOP_READY,us=31827
NORMTRACE,run=16,thread=main,event=E20_WINDOW_CREATE_BEGIN,us=37781
NORMTRACE,run=16,thread=pocket-gpu-instance,event=E30_GPU_INSTANCE_BEGIN,us=31937
NORMTRACE,run=16,thread=main,event=E21_WINDOW_CREATE_END,us=125231
NORMTRACE,run=16,thread=pocket-gpu-instance,event=E31_GPU_INSTANCE_END,us=129593
NORMTRACE,run=16,thread=pocket-runtime,event=E80_RUNTIME_THREAD_BEGIN,us=131733
NORMTRACE,run=16,thread=pocket-runtime,event=E81_ASSET_READ_BEGIN,us=143424
NORMTRACE,run=16,thread=main,event=E40_SURFACE_CREATE_BEGIN,us=137467
NORMTRACE,run=16,thread=pocket-runtime,event=E82_ASSET_READ_END,us=151064
NORMTRACE,run=16,thread=pocket-runtime,event=E83_UI_SURFACE_BEGIN,us=158133
NORMTRACE,run=16,thread=main,event=E41_SURFACE_CREATE_END,us=155821
NORMTRACE,run=16,thread=pocket-runtime,event=E84_UI_SURFACE_END,us=159216
NORMTRACE,run=16,thread=main,event=E50_ADAPTER_BEGIN,us=160193
NORMTRACE,run=16,thread=pocket-runtime,event=E85_QUICKJS_BEGIN,us=161271
NORMTRACE,run=16,thread=pocket-runtime,event=E86_QUICKJS_END,us=163872
[2026-09-13T15:46:07Z ERROR wgpu_hal::vulkan::adapter] get_physical_device_surface_capabilities: An unknown error has occurred, due to an implementation or application bug
NORMTRACE,run=16,thread=pocket-runtime,event=E87_GUEST_EVAL_BEGIN,us=165193

thread 'main' (19568) panicked at src\main.rs:1118:38:
called `Option::unwrap()` on a `None` value
note: run with `RUST_BACKTRACE=1` environment variable to display a backtrace
Error: GPU initialization: no compatible GPU adapter: No suitable graphics adapter found; noop not requested, vulkan not compatible with provided surface, metal not requested, dx12 not requested, gl not requested, webgpu not requested
WALL_SPAWN_EXIT_MS=337,exitcode=
