NORMTRACE,run=30,thread=main,event=E00_MAIN_ENTRY,us=47
NORMTRACE,run=30,thread=main,event=E10_EVENT_LOOP_BEGIN,us=5627
NORMTRACE,run=30,thread=main,event=E11_EVENT_LOOP_READY,us=32126
NORMTRACE,run=30,thread=pocket-gpu-instance,event=E30_GPU_INSTANCE_BEGIN,us=32256
NORMTRACE,run=30,thread=main,event=E20_WINDOW_CREATE_BEGIN,us=38057
NORMTRACE,run=30,thread=main,event=E21_WINDOW_CREATE_END,us=118716
NORMTRACE,run=30,thread=pocket-gpu-instance,event=E31_GPU_INSTANCE_END,us=124603
NORMTRACE,run=30,thread=pocket-runtime,event=E80_RUNTIME_THREAD_BEGIN,us=125084
NORMTRACE,run=30,thread=pocket-runtime,event=E81_ASSET_READ_BEGIN,us=136130
NORMTRACE,run=30,thread=main,event=E40_SURFACE_CREATE_BEGIN,us=130567
NORMTRACE,run=30,thread=pocket-runtime,event=E82_ASSET_READ_END,us=143748
NORMTRACE,run=30,thread=pocket-runtime,event=E83_UI_SURFACE_BEGIN,us=149942
NORMTRACE,run=30,thread=main,event=E41_SURFACE_CREATE_END,us=147848
NORMTRACE,run=30,thread=pocket-runtime,event=E84_UI_SURFACE_END,us=150969
NORMTRACE,run=30,thread=main,event=E50_ADAPTER_BEGIN,us=151924
NORMTRACE,run=30,thread=pocket-runtime,event=E85_QUICKJS_BEGIN,us=153093
NORMTRACE,run=30,thread=pocket-runtime,event=E86_QUICKJS_END,us=155601
[2026-09-13T15:46:18Z ERROR wgpu_hal::vulkan::adapter] get_physical_device_surface_capabilities: An unknown error has occurred, due to an implementation or application bug
NORMTRACE,run=30,thread=pocket-runtime,event=E87_GUEST_EVAL_BEGIN,us=157239

thread 'main' (30000) panicked at src\main.rs:1118:38:
called `Option::unwrap()` on a `None` value
note: run with `RUST_BACKTRACE=1` environment variable to display a backtrace
Error: GPU initialization: no compatible GPU adapter: No suitable graphics adapter found; noop not requested, vulkan not compatible with provided surface, metal not requested, dx12 not requested, gl not requested, webgpu not requested
WALL_SPAWN_EXIT_MS=321,exitcode=
