NORMTRACE,run=42,thread=main,event=E00_MAIN_ENTRY,us=46
NORMTRACE,run=42,thread=main,event=E10_EVENT_LOOP_BEGIN,us=5542
NORMTRACE,run=42,thread=main,event=E11_EVENT_LOOP_READY,us=31358
NORMTRACE,run=42,thread=main,event=E20_WINDOW_CREATE_BEGIN,us=36981
NORMTRACE,run=42,thread=pocket-gpu-instance,event=E30_GPU_INSTANCE_BEGIN,us=31472
NORMTRACE,run=42,thread=main,event=E21_WINDOW_CREATE_END,us=102215
NORMTRACE,run=42,thread=pocket-runtime,event=E80_RUNTIME_THREAD_BEGIN,us=108270
NORMTRACE,run=42,thread=pocket-runtime,event=E81_ASSET_READ_BEGIN,us=113772
NORMTRACE,run=42,thread=pocket-gpu-instance,event=E31_GPU_INSTANCE_END,us=118208
NORMTRACE,run=42,thread=pocket-runtime,event=E82_ASSET_READ_END,us=120591
NORMTRACE,run=42,thread=pocket-runtime,event=E83_UI_SURFACE_BEGIN,us=130542
NORMTRACE,run=42,thread=main,event=E40_SURFACE_CREATE_BEGIN,us=124998
NORMTRACE,run=42,thread=pocket-runtime,event=E84_UI_SURFACE_END,us=132207
NORMTRACE,run=42,thread=main,event=E41_SURFACE_CREATE_END,us=133297
NORMTRACE,run=42,thread=pocket-runtime,event=E85_QUICKJS_BEGIN,us=134446
NORMTRACE,run=42,thread=main,event=E50_ADAPTER_BEGIN,us=135285
NORMTRACE,run=42,thread=pocket-runtime,event=E86_QUICKJS_END,us=136666
NORMTRACE,run=42,thread=pocket-runtime,event=E87_GUEST_EVAL_BEGIN,us=138676
[2026-09-13T15:46:29Z ERROR wgpu_hal::vulkan::adapter] get_physical_device_surface_capabilities: An unknown error has occurred, due to an implementation or application bug

thread 'main' (20324) panicked at src\main.rs:1118:38:
called `Option::unwrap()` on a `None` value
note: run with `RUST_BACKTRACE=1` environment variable to display a backtrace
Error: GPU initialization: no compatible GPU adapter: No suitable graphics adapter found; noop not requested, vulkan not compatible with provided surface, metal not requested, dx12 not requested, gl not requested, webgpu not requested
WALL_SPAWN_EXIT_MS=314,exitcode=
