NORMTRACE,run=27,thread=main,event=E00_MAIN_ENTRY,us=48
NORMTRACE,run=27,thread=main,event=E10_EVENT_LOOP_BEGIN,us=5767
NORMTRACE,run=27,thread=main,event=E11_EVENT_LOOP_READY,us=31251
NORMTRACE,run=27,thread=main,event=E20_WINDOW_CREATE_BEGIN,us=37050
NORMTRACE,run=27,thread=pocket-gpu-instance,event=E30_GPU_INSTANCE_BEGIN,us=31352
NORMTRACE,run=27,thread=main,event=E21_WINDOW_CREATE_END,us=120430
NORMTRACE,run=27,thread=pocket-runtime,event=E80_RUNTIME_THREAD_BEGIN,us=126783
NORMTRACE,run=27,thread=pocket-gpu-instance,event=E31_GPU_INSTANCE_END,us=127998
NORMTRACE,run=27,thread=pocket-runtime,event=E81_ASSET_READ_BEGIN,us=132426
NORMTRACE,run=27,thread=main,event=E40_SURFACE_CREATE_BEGIN,us=138139
NORMTRACE,run=27,thread=pocket-runtime,event=E82_ASSET_READ_END,us=145233
NORMTRACE,run=27,thread=pocket-runtime,event=E83_UI_SURFACE_BEGIN,us=151512
NORMTRACE,run=27,thread=main,event=E41_SURFACE_CREATE_END,us=149520
NORMTRACE,run=27,thread=pocket-runtime,event=E84_UI_SURFACE_END,us=152714
NORMTRACE,run=27,thread=main,event=E50_ADAPTER_BEGIN,us=153857
NORMTRACE,run=27,thread=pocket-runtime,event=E85_QUICKJS_BEGIN,us=155108
NORMTRACE,run=27,thread=pocket-runtime,event=E86_QUICKJS_END,us=157250
[2026-09-13T15:46:16Z ERROR wgpu_hal::vulkan::adapter] get_physical_device_surface_capabilities: An unknown error has occurred, due to an implementation or application bug
NORMTRACE,run=27,thread=pocket-runtime,event=E87_GUEST_EVAL_BEGIN,us=158502

thread 'main' (24588) panicked at src\main.rs:1118:38:
called `Option::unwrap()` on a `None` value
note: run with `RUST_BACKTRACE=1` environment variable to display a backtrace
Error: GPU initialization: no compatible GPU adapter: No suitable graphics adapter found; noop not requested, vulkan not compatible with provided surface, metal not requested, dx12 not requested, gl not requested, webgpu not requested
WALL_SPAWN_EXIT_MS=334,exitcode=
