NORMTRACE,run=14,thread=main,event=E00_MAIN_ENTRY,us=45
NORMTRACE,run=14,thread=main,event=E10_EVENT_LOOP_BEGIN,us=5441
NORMTRACE,run=14,thread=main,event=E11_EVENT_LOOP_READY,us=31600
NORMTRACE,run=14,thread=pocket-gpu-instance,event=E30_GPU_INSTANCE_BEGIN,us=31715
NORMTRACE,run=14,thread=main,event=E20_WINDOW_CREATE_BEGIN,us=36953
NORMTRACE,run=14,thread=pocket-gpu-instance,event=E31_GPU_INSTANCE_END,us=119750
NORMTRACE,run=14,thread=main,event=E21_WINDOW_CREATE_END,us=121440
NORMTRACE,run=14,thread=main,event=E40_SURFACE_CREATE_BEGIN,us=130492
NORMTRACE,run=14,thread=pocket-runtime,event=E80_RUNTIME_THREAD_BEGIN,us=130635
NORMTRACE,run=14,thread=pocket-runtime,event=E81_ASSET_READ_BEGIN,us=141627
NORMTRACE,run=14,thread=main,event=E41_SURFACE_CREATE_END,us=136162
NORMTRACE,run=14,thread=pocket-runtime,event=E82_ASSET_READ_END,us=148963
NORMTRACE,run=14,thread=pocket-runtime,event=E83_UI_SURFACE_BEGIN,us=150702
NORMTRACE,run=14,thread=main,event=E50_ADAPTER_BEGIN,us=149770
NORMTRACE,run=14,thread=pocket-runtime,event=E84_UI_SURFACE_END,us=151811
NORMTRACE,run=14,thread=pocket-runtime,event=E85_QUICKJS_BEGIN,us=154183
[2026-09-13T15:46:05Z ERROR wgpu_hal::vulkan::adapter] get_physical_device_surface_capabilities: An unknown error has occurred, due to an implementation or application bug
NORMTRACE,run=14,thread=pocket-runtime,event=E86_QUICKJS_END,us=155829
NORMTRACE,run=14,thread=pocket-runtime,event=E87_GUEST_EVAL_BEGIN,us=157228

thread 'main' (22544) panicked at src\main.rs:1118:38:
called `Option::unwrap()` on a `None` value
note: run with `RUST_BACKTRACE=1` environment variable to display a backtrace
Error: GPU initialization: no compatible GPU adapter: No suitable graphics adapter found; noop not requested, vulkan not compatible with provided surface, metal not requested, dx12 not requested, gl not requested, webgpu not requested
WALL_SPAWN_EXIT_MS=331,exitcode=
