NORMTRACE,run=1,thread=main,event=E00_MAIN_ENTRY,us=43
NORMTRACE,run=1,thread=main,event=E10_EVENT_LOOP_BEGIN,us=6080
NORMTRACE,run=1,thread=main,event=E11_EVENT_LOOP_READY,us=30854
NORMTRACE,run=1,thread=pocket-gpu-instance,event=E30_GPU_INSTANCE_BEGIN,us=30954
NORMTRACE,run=1,thread=main,event=E20_WINDOW_CREATE_BEGIN,us=36855
NORMTRACE,run=1,thread=main,event=E21_WINDOW_CREATE_END,us=122088
NORMTRACE,run=1,thread=pocket-gpu-instance,event=E31_GPU_INSTANCE_END,us=128137
NORMTRACE,run=1,thread=pocket-runtime,event=E80_RUNTIME_THREAD_BEGIN,us=128238
NORMTRACE,run=1,thread=pocket-runtime,event=E81_ASSET_READ_BEGIN,us=139995
NORMTRACE,run=1,thread=main,event=E40_SURFACE_CREATE_BEGIN,us=134222
NORMTRACE,run=1,thread=pocket-runtime,event=E82_ASSET_READ_END,us=147846
NORMTRACE,run=1,thread=pocket-runtime,event=E83_UI_SURFACE_BEGIN,us=155217
NORMTRACE,run=1,thread=main,event=E41_SURFACE_CREATE_END,us=152245
NORMTRACE,run=1,thread=pocket-runtime,event=E84_UI_SURFACE_END,us=156212
NORMTRACE,run=1,thread=main,event=E50_ADAPTER_BEGIN,us=157382
NORMTRACE,run=1,thread=pocket-runtime,event=E85_QUICKJS_BEGIN,us=158677
NORMTRACE,run=1,thread=pocket-runtime,event=E86_QUICKJS_END,us=161024
[2026-09-13T15:45:54Z ERROR wgpu_hal::vulkan::adapter] get_physical_device_surface_capabilities: An unknown error has occurred, due to an implementation or application bug
NORMTRACE,run=1,thread=pocket-runtime,event=E87_GUEST_EVAL_BEGIN,us=162278

thread 'main' (14052) panicked at src\main.rs:1118:38:
called `Option::unwrap()` on a `None` value
note: run with `RUST_BACKTRACE=1` environment variable to display a backtrace
Error: GPU initialization: no compatible GPU adapter: No suitable graphics adapter found; noop not requested, vulkan not compatible with provided surface, metal not requested, dx12 not requested, gl not requested, webgpu not requested
WALL_SPAWN_EXIT_MS=332,exitcode=
