NORMTRACE,run=12,thread=main,event=E00_MAIN_ENTRY,us=51
NORMTRACE,run=12,thread=main,event=E10_EVENT_LOOP_BEGIN,us=6172
NORMTRACE,run=12,thread=main,event=E11_EVENT_LOOP_READY,us=32522
NORMTRACE,run=12,thread=pocket-gpu-instance,event=E30_GPU_INSTANCE_BEGIN,us=32644
NORMTRACE,run=12,thread=main,event=E20_WINDOW_CREATE_BEGIN,us=38560
NORMTRACE,run=12,thread=main,event=E21_WINDOW_CREATE_END,us=120958
NORMTRACE,run=12,thread=pocket-runtime,event=E80_RUNTIME_THREAD_BEGIN,us=127170
NORMTRACE,run=12,thread=pocket-gpu-instance,event=E31_GPU_INSTANCE_END,us=128526
NORMTRACE,run=12,thread=pocket-runtime,event=E81_ASSET_READ_BEGIN,us=133189
NORMTRACE,run=12,thread=main,event=E40_SURFACE_CREATE_BEGIN,us=139323
NORMTRACE,run=12,thread=pocket-runtime,event=E82_ASSET_READ_END,us=146778
NORMTRACE,run=12,thread=pocket-runtime,event=E83_UI_SURFACE_BEGIN,us=153425
NORMTRACE,run=12,thread=main,event=E41_SURFACE_CREATE_END,us=151223
NORMTRACE,run=12,thread=pocket-runtime,event=E84_UI_SURFACE_END,us=154382
NORMTRACE,run=12,thread=main,event=E50_ADAPTER_BEGIN,us=155355
NORMTRACE,run=12,thread=pocket-runtime,event=E85_QUICKJS_BEGIN,us=156555
NORMTRACE,run=12,thread=pocket-runtime,event=E86_QUICKJS_END,us=159339
[2026-09-13T15:46:03Z ERROR wgpu_hal::vulkan::adapter] get_physical_device_surface_capabilities: An unknown error has occurred, due to an implementation or application bug
NORMTRACE,run=12,thread=pocket-runtime,event=E87_GUEST_EVAL_BEGIN,us=160646

thread 'main' (29832) panicked at src\main.rs:1118:38:
called `Option::unwrap()` on a `None` value
note: run with `RUST_BACKTRACE=1` environment variable to display a backtrace
Error: GPU initialization: no compatible GPU adapter: No suitable graphics adapter found; noop not requested, vulkan not compatible with provided surface, metal not requested, dx12 not requested, gl not requested, webgpu not requested
WALL_SPAWN_EXIT_MS=336,exitcode=
