NORMTRACE,run=48,thread=main,event=E00_MAIN_ENTRY,us=49
NORMTRACE,run=48,thread=main,event=E10_EVENT_LOOP_BEGIN,us=5158
NORMTRACE,run=48,thread=main,event=E11_EVENT_LOOP_READY,us=31936
NORMTRACE,run=48,thread=main,event=E20_WINDOW_CREATE_BEGIN,us=37269
NORMTRACE,run=48,thread=pocket-gpu-instance,event=E30_GPU_INSTANCE_BEGIN,us=32053
NORMTRACE,run=48,thread=main,event=E21_WINDOW_CREATE_END,us=107852
NORMTRACE,run=48,thread=pocket-runtime,event=E80_RUNTIME_THREAD_BEGIN,us=113512
NORMTRACE,run=48,thread=pocket-runtime,event=E81_ASSET_READ_BEGIN,us=118683
NORMTRACE,run=48,thread=pocket-gpu-instance,event=E31_GPU_INSTANCE_END,us=123441
NORMTRACE,run=48,thread=pocket-runtime,event=E82_ASSET_READ_END,us=126049
NORMTRACE,run=48,thread=pocket-runtime,event=E83_UI_SURFACE_BEGIN,us=134752
NORMTRACE,run=48,thread=main,event=E40_SURFACE_CREATE_BEGIN,us=129521
NORMTRACE,run=48,thread=pocket-runtime,event=E84_UI_SURFACE_END,us=136584
NORMTRACE,run=48,thread=main,event=E41_SURFACE_CREATE_END,us=137638
NORMTRACE,run=48,thread=main,event=E50_ADAPTER_BEGIN,us=139808
NORMTRACE,run=48,thread=pocket-runtime,event=E85_QUICKJS_BEGIN,us=138726
NORMTRACE,run=48,thread=pocket-runtime,event=E86_QUICKJS_END,us=142502
[2026-09-13T15:46:34Z ERROR wgpu_hal::vulkan::adapter] get_physical_device_surface_capabilities: An unknown error has occurred, due to an implementation or application bug
NORMTRACE,run=48,thread=pocket-runtime,event=E87_GUEST_EVAL_BEGIN,us=143864

thread 'main' (2496) panicked at src\main.rs:1118:38:
called `Option::unwrap()` on a `None` value
note: run with `RUST_BACKTRACE=1` environment variable to display a backtrace
Error: GPU initialization: no compatible GPU adapter: No suitable graphics adapter found; noop not requested, vulkan not compatible with provided surface, metal not requested, dx12 not requested, gl not requested, webgpu not requested
WALL_SPAWN_EXIT_MS=328,exitcode=
